Archive member included to satisfy reference by file (symbol)

c:/program files (x86)/atollic/truestudio for stm32 9.0.1/armtools/bin/../lib/gcc/arm-atollic-eabi/6.3.1/../../../../arm-atollic-eabi/lib/armv6-m\libc_nano.a(lib_a-init.o)
                              startup\startup_stm32f072xb.o (__libc_init_array)
c:/program files (x86)/atollic/truestudio for stm32 9.0.1/armtools/bin/../lib/gcc/arm-atollic-eabi/6.3.1/../../../../arm-atollic-eabi/lib/armv6-m\libc_nano.a(lib_a-memset.o)
                              Src\main.o (memset)
c:/program files (x86)/atollic/truestudio for stm32 9.0.1/armtools/bin/../lib/gcc/arm-atollic-eabi/6.3.1/../../../../arm-atollic-eabi/lib/armv6-m\libc_nano.a(lib_a-strlen.o)
                              Src\main.o (strlen)
c:/program files (x86)/atollic/truestudio for stm32 9.0.1/armtools/bin/../lib/gcc/arm-atollic-eabi/6.3.1/armv6-m\libgcc.a(_udivsi3.o)
                              Drivers\STM32F0xx_HAL_Driver\Src\stm32f0xx_hal.o (__aeabi_uidiv)
c:/program files (x86)/atollic/truestudio for stm32 9.0.1/armtools/bin/../lib/gcc/arm-atollic-eabi/6.3.1/armv6-m\libgcc.a(_dvmd_tls.o)
                              c:/program files (x86)/atollic/truestudio for stm32 9.0.1/armtools/bin/../lib/gcc/arm-atollic-eabi/6.3.1/armv6-m\libgcc.a(_udivsi3.o) (__aeabi_idiv0)

Allocating common symbols
Common symbol       size              file

rxData              0xc8              Src\stm32f0xx_it.o
queue               0x1               Src\stm32f0xx_it.o
readyReception      0x1               Src\stm32f0xx_it.o
uwTick              0x4               Drivers\STM32F0xx_HAL_Driver\Src\stm32f0xx_hal.o
pFlash              0x20              Drivers\STM32F0xx_HAL_Driver\Src\stm32f0xx_hal_flash.o
rxByte              0x1               Src\stm32f0xx_it.o
huart1              0x70              Src\main.o
OK                  0x1               Src\stm32f0xx_it.o
huart4              0x70              Src\main.o
setup2Flag          0x1               Src\stm32f0xx_it.o
rxCounter           0x1               Src\stm32f0xx_it.o
wakeUpFlag          0x1               Src\stm32f0xx_it.o
rxFlag              0x1               Src\stm32f0xx_it.o
readyGSM            0x1               Src\stm32f0xx_it.o
setup1Flag          0x1               Src\stm32f0xx_it.o

Discarded input sections

 .text          0x00000000        0x0 c:/program files (x86)/atollic/truestudio for stm32 9.0.1/armtools/bin/../lib/gcc/arm-atollic-eabi/6.3.1/armv6-m/crti.o
 .data          0x00000000        0x0 c:/program files (x86)/atollic/truestudio for stm32 9.0.1/armtools/bin/../lib/gcc/arm-atollic-eabi/6.3.1/armv6-m/crti.o
 .bss           0x00000000        0x0 c:/program files (x86)/atollic/truestudio for stm32 9.0.1/armtools/bin/../lib/gcc/arm-atollic-eabi/6.3.1/armv6-m/crti.o
 .data          0x00000000        0x4 c:/program files (x86)/atollic/truestudio for stm32 9.0.1/armtools/bin/../lib/gcc/arm-atollic-eabi/6.3.1/armv6-m/crtbegin.o
 .text          0x00000000        0x0 Drivers\STM32F0xx_HAL_Driver\Src\stm32f0xx_hal.o
 .data          0x00000000        0x0 Drivers\STM32F0xx_HAL_Driver\Src\stm32f0xx_hal.o
 .bss           0x00000000        0x0 Drivers\STM32F0xx_HAL_Driver\Src\stm32f0xx_hal.o
 .text.HAL_MspInit
                0x00000000        0x2 Drivers\STM32F0xx_HAL_Driver\Src\stm32f0xx_hal.o
 .text.HAL_MspDeInit
                0x00000000        0x2 Drivers\STM32F0xx_HAL_Driver\Src\stm32f0xx_hal.o
 .text.HAL_DeInit
                0x00000000       0x24 Drivers\STM32F0xx_HAL_Driver\Src\stm32f0xx_hal.o
 .text.HAL_SuspendTick
                0x00000000       0x10 Drivers\STM32F0xx_HAL_Driver\Src\stm32f0xx_hal.o
 .text.HAL_ResumeTick
                0x00000000       0x10 Drivers\STM32F0xx_HAL_Driver\Src\stm32f0xx_hal.o
 .text.HAL_GetHalVersion
                0x00000000        0x8 Drivers\STM32F0xx_HAL_Driver\Src\stm32f0xx_hal.o
 .text.HAL_GetREVID
                0x00000000        0xc Drivers\STM32F0xx_HAL_Driver\Src\stm32f0xx_hal.o
 .text.HAL_GetDEVID
                0x00000000       0x10 Drivers\STM32F0xx_HAL_Driver\Src\stm32f0xx_hal.o
 .text.HAL_GetUIDw0
                0x00000000        0xc Drivers\STM32F0xx_HAL_Driver\Src\stm32f0xx_hal.o
 .text.HAL_GetUIDw1
                0x00000000        0xc Drivers\STM32F0xx_HAL_Driver\Src\stm32f0xx_hal.o
 .text.HAL_GetUIDw2
                0x00000000        0xc Drivers\STM32F0xx_HAL_Driver\Src\stm32f0xx_hal.o
 .text.HAL_DBGMCU_EnableDBGStopMode
                0x00000000       0x10 Drivers\STM32F0xx_HAL_Driver\Src\stm32f0xx_hal.o
 .text.HAL_DBGMCU_DisableDBGStopMode
                0x00000000       0x10 Drivers\STM32F0xx_HAL_Driver\Src\stm32f0xx_hal.o
 .text.HAL_DBGMCU_EnableDBGStandbyMode
                0x00000000       0x10 Drivers\STM32F0xx_HAL_Driver\Src\stm32f0xx_hal.o
 .text.HAL_DBGMCU_DisableDBGStandbyMode
                0x00000000       0x10 Drivers\STM32F0xx_HAL_Driver\Src\stm32f0xx_hal.o
 .text          0x00000000        0x0 Drivers\STM32F0xx_HAL_Driver\Src\stm32f0xx_hal_cortex.o
 .data          0x00000000        0x0 Drivers\STM32F0xx_HAL_Driver\Src\stm32f0xx_hal_cortex.o
 .bss           0x00000000        0x0 Drivers\STM32F0xx_HAL_Driver\Src\stm32f0xx_hal_cortex.o
 .text.HAL_NVIC_DisableIRQ
                0x00000000       0x14 Drivers\STM32F0xx_HAL_Driver\Src\stm32f0xx_hal_cortex.o
 .text.HAL_NVIC_SystemReset
                0x00000000       0x1c Drivers\STM32F0xx_HAL_Driver\Src\stm32f0xx_hal_cortex.o
 .text.HAL_NVIC_GetPriority
                0x00000000       0x48 Drivers\STM32F0xx_HAL_Driver\Src\stm32f0xx_hal_cortex.o
 .text.HAL_NVIC_SetPendingIRQ
                0x00000000       0x18 Drivers\STM32F0xx_HAL_Driver\Src\stm32f0xx_hal_cortex.o
 .text.HAL_NVIC_GetPendingIRQ
                0x00000000       0x18 Drivers\STM32F0xx_HAL_Driver\Src\stm32f0xx_hal_cortex.o
 .text.HAL_NVIC_ClearPendingIRQ
                0x00000000       0x18 Drivers\STM32F0xx_HAL_Driver\Src\stm32f0xx_hal_cortex.o
 .text.HAL_SYSTICK_CLKSourceConfig
                0x00000000       0x20 Drivers\STM32F0xx_HAL_Driver\Src\stm32f0xx_hal_cortex.o
 .text.HAL_SYSTICK_Callback
                0x00000000        0x2 Drivers\STM32F0xx_HAL_Driver\Src\stm32f0xx_hal_cortex.o
 .text.HAL_SYSTICK_IRQHandler
                0x00000000        0x8 Drivers\STM32F0xx_HAL_Driver\Src\stm32f0xx_hal_cortex.o
 .text          0x00000000        0x0 Drivers\STM32F0xx_HAL_Driver\Src\stm32f0xx_hal_dma.o
 .data          0x00000000        0x0 Drivers\STM32F0xx_HAL_Driver\Src\stm32f0xx_hal_dma.o
 .bss           0x00000000        0x0 Drivers\STM32F0xx_HAL_Driver\Src\stm32f0xx_hal_dma.o
 .text.HAL_DMA_Init
                0x00000000       0x74 Drivers\STM32F0xx_HAL_Driver\Src\stm32f0xx_hal_dma.o
 .text.HAL_DMA_DeInit
                0x00000000       0x58 Drivers\STM32F0xx_HAL_Driver\Src\stm32f0xx_hal_dma.o
 .text.HAL_DMA_Start
                0x00000000       0x6c Drivers\STM32F0xx_HAL_Driver\Src\stm32f0xx_hal_dma.o
 .text.HAL_DMA_Start_IT
                0x00000000       0x92 Drivers\STM32F0xx_HAL_Driver\Src\stm32f0xx_hal_dma.o
 .text.HAL_DMA_Abort
                0x00000000       0x2e Drivers\STM32F0xx_HAL_Driver\Src\stm32f0xx_hal_dma.o
 .text.HAL_DMA_PollForTransfer
                0x00000000       0xca Drivers\STM32F0xx_HAL_Driver\Src\stm32f0xx_hal_dma.o
 .text.HAL_DMA_IRQHandler
                0x00000000       0xaa Drivers\STM32F0xx_HAL_Driver\Src\stm32f0xx_hal_dma.o
 .text.HAL_DMA_RegisterCallback
                0x00000000       0x52 Drivers\STM32F0xx_HAL_Driver\Src\stm32f0xx_hal_dma.o
 .text.HAL_DMA_UnRegisterCallback
                0x00000000       0x5c Drivers\STM32F0xx_HAL_Driver\Src\stm32f0xx_hal_dma.o
 .rodata.HAL_DMA_UnRegisterCallback
                0x00000000       0x14 Drivers\STM32F0xx_HAL_Driver\Src\stm32f0xx_hal_dma.o
 .text.HAL_DMA_GetState
                0x00000000        0x8 Drivers\STM32F0xx_HAL_Driver\Src\stm32f0xx_hal_dma.o
 .text.HAL_DMA_GetError
                0x00000000        0x4 Drivers\STM32F0xx_HAL_Driver\Src\stm32f0xx_hal_dma.o
 .text          0x00000000        0x0 Drivers\STM32F0xx_HAL_Driver\Src\stm32f0xx_hal_flash.o
 .data          0x00000000        0x0 Drivers\STM32F0xx_HAL_Driver\Src\stm32f0xx_hal_flash.o
 .bss           0x00000000        0x0 Drivers\STM32F0xx_HAL_Driver\Src\stm32f0xx_hal_flash.o
 .text.FLASH_SetErrorCode
                0x00000000       0x3c Drivers\STM32F0xx_HAL_Driver\Src\stm32f0xx_hal_flash.o
 .text.HAL_FLASH_Program_IT
                0x00000000       0x70 Drivers\STM32F0xx_HAL_Driver\Src\stm32f0xx_hal_flash.o
 .text.HAL_FLASH_EndOfOperationCallback
                0x00000000        0x2 Drivers\STM32F0xx_HAL_Driver\Src\stm32f0xx_hal_flash.o
 .text.HAL_FLASH_OperationErrorCallback
                0x00000000        0x2 Drivers\STM32F0xx_HAL_Driver\Src\stm32f0xx_hal_flash.o
 .text.HAL_FLASH_IRQHandler
                0x00000000      0x160 Drivers\STM32F0xx_HAL_Driver\Src\stm32f0xx_hal_flash.o
 .text.HAL_FLASH_Unlock
                0x00000000       0x24 Drivers\STM32F0xx_HAL_Driver\Src\stm32f0xx_hal_flash.o
 .text.HAL_FLASH_Lock
                0x00000000       0x14 Drivers\STM32F0xx_HAL_Driver\Src\stm32f0xx_hal_flash.o
 .text.HAL_FLASH_OB_Unlock
                0x00000000       0x24 Drivers\STM32F0xx_HAL_Driver\Src\stm32f0xx_hal_flash.o
 .text.HAL_FLASH_OB_Lock
                0x00000000       0x18 Drivers\STM32F0xx_HAL_Driver\Src\stm32f0xx_hal_flash.o
 .text.HAL_FLASH_GetError
                0x00000000        0xc Drivers\STM32F0xx_HAL_Driver\Src\stm32f0xx_hal_flash.o
 .text.FLASH_WaitForLastOperation
                0x00000000       0x5c Drivers\STM32F0xx_HAL_Driver\Src\stm32f0xx_hal_flash.o
 .text.HAL_FLASH_Program
                0x00000000       0xc8 Drivers\STM32F0xx_HAL_Driver\Src\stm32f0xx_hal_flash.o
 .text.HAL_FLASH_OB_Launch
                0x00000000       0x20 Drivers\STM32F0xx_HAL_Driver\Src\stm32f0xx_hal_flash.o
 .debug_info    0x00000000      0xe73 Drivers\STM32F0xx_HAL_Driver\Src\stm32f0xx_hal_flash.o
 .debug_abbrev  0x00000000      0x335 Drivers\STM32F0xx_HAL_Driver\Src\stm32f0xx_hal_flash.o
 .debug_loc     0x00000000      0x39c Drivers\STM32F0xx_HAL_Driver\Src\stm32f0xx_hal_flash.o
 .debug_aranges
                0x00000000       0x80 Drivers\STM32F0xx_HAL_Driver\Src\stm32f0xx_hal_flash.o
 .debug_ranges  0x00000000       0x88 Drivers\STM32F0xx_HAL_Driver\Src\stm32f0xx_hal_flash.o
 .debug_line    0x00000000      0x475 Drivers\STM32F0xx_HAL_Driver\Src\stm32f0xx_hal_flash.o
 .debug_str     0x00000000      0x97c Drivers\STM32F0xx_HAL_Driver\Src\stm32f0xx_hal_flash.o
 .comment       0x00000000       0x7d Drivers\STM32F0xx_HAL_Driver\Src\stm32f0xx_hal_flash.o
 .debug_frame   0x00000000      0x130 Drivers\STM32F0xx_HAL_Driver\Src\stm32f0xx_hal_flash.o
 .ARM.attributes
                0x00000000       0x31 Drivers\STM32F0xx_HAL_Driver\Src\stm32f0xx_hal_flash.o
 COMMON         0x00000000       0x20 Drivers\STM32F0xx_HAL_Driver\Src\stm32f0xx_hal_flash.o
 .text          0x00000000        0x0 Drivers\STM32F0xx_HAL_Driver\Src\stm32f0xx_hal_flash_ex.o
 .data          0x00000000        0x0 Drivers\STM32F0xx_HAL_Driver\Src\stm32f0xx_hal_flash_ex.o
 .bss           0x00000000        0x0 Drivers\STM32F0xx_HAL_Driver\Src\stm32f0xx_hal_flash_ex.o
 .text.FLASH_MassErase
                0x00000000       0x24 Drivers\STM32F0xx_HAL_Driver\Src\stm32f0xx_hal_flash_ex.o
 .text.FLASH_OB_RDP_LevelConfig
                0x00000000       0x64 Drivers\STM32F0xx_HAL_Driver\Src\stm32f0xx_hal_flash_ex.o
 .text.HAL_FLASHEx_OBErase
                0x00000000       0x64 Drivers\STM32F0xx_HAL_Driver\Src\stm32f0xx_hal_flash_ex.o
 .text.HAL_FLASHEx_OBProgram
                0x00000000      0x220 Drivers\STM32F0xx_HAL_Driver\Src\stm32f0xx_hal_flash_ex.o
 .text.HAL_FLASHEx_OBGetConfig
                0x00000000       0x38 Drivers\STM32F0xx_HAL_Driver\Src\stm32f0xx_hal_flash_ex.o
 .text.HAL_FLASHEx_OBGetUserData
                0x00000000       0x20 Drivers\STM32F0xx_HAL_Driver\Src\stm32f0xx_hal_flash_ex.o
 .text.FLASH_PageErase
                0x00000000       0x24 Drivers\STM32F0xx_HAL_Driver\Src\stm32f0xx_hal_flash_ex.o
 .text.HAL_FLASHEx_Erase
                0x00000000       0xb8 Drivers\STM32F0xx_HAL_Driver\Src\stm32f0xx_hal_flash_ex.o
 .text.HAL_FLASHEx_Erase_IT
                0x00000000       0x5c Drivers\STM32F0xx_HAL_Driver\Src\stm32f0xx_hal_flash_ex.o
 .debug_info    0x00000000     0x12db Drivers\STM32F0xx_HAL_Driver\Src\stm32f0xx_hal_flash_ex.o
 .debug_abbrev  0x00000000      0x332 Drivers\STM32F0xx_HAL_Driver\Src\stm32f0xx_hal_flash_ex.o
 .debug_loc     0x00000000      0x785 Drivers\STM32F0xx_HAL_Driver\Src\stm32f0xx_hal_flash_ex.o
 .debug_aranges
                0x00000000       0x60 Drivers\STM32F0xx_HAL_Driver\Src\stm32f0xx_hal_flash_ex.o
 .debug_ranges  0x00000000       0xd0 Drivers\STM32F0xx_HAL_Driver\Src\stm32f0xx_hal_flash_ex.o
 .debug_line    0x00000000      0x4c7 Drivers\STM32F0xx_HAL_Driver\Src\stm32f0xx_hal_flash_ex.o
 .debug_str     0x00000000      0xa96 Drivers\STM32F0xx_HAL_Driver\Src\stm32f0xx_hal_flash_ex.o
 .comment       0x00000000       0x7d Drivers\STM32F0xx_HAL_Driver\Src\stm32f0xx_hal_flash_ex.o
 .debug_frame   0x00000000       0xe4 Drivers\STM32F0xx_HAL_Driver\Src\stm32f0xx_hal_flash_ex.o
 .ARM.attributes
                0x00000000       0x31 Drivers\STM32F0xx_HAL_Driver\Src\stm32f0xx_hal_flash_ex.o
 .text          0x00000000        0x0 Drivers\STM32F0xx_HAL_Driver\Src\stm32f0xx_hal_gpio.o
 .data          0x00000000        0x0 Drivers\STM32F0xx_HAL_Driver\Src\stm32f0xx_hal_gpio.o
 .bss           0x00000000        0x0 Drivers\STM32F0xx_HAL_Driver\Src\stm32f0xx_hal_gpio.o
 .text.HAL_GPIO_DeInit
                0x00000000      0x12c Drivers\STM32F0xx_HAL_Driver\Src\stm32f0xx_hal_gpio.o
 .text.HAL_GPIO_LockPin
                0x00000000       0x2a Drivers\STM32F0xx_HAL_Driver\Src\stm32f0xx_hal_gpio.o
 .text.HAL_GPIO_EXTI_Callback
                0x00000000        0x2 Drivers\STM32F0xx_HAL_Driver\Src\stm32f0xx_hal_gpio.o
 .text.HAL_GPIO_EXTI_IRQHandler
                0x00000000       0x1c Drivers\STM32F0xx_HAL_Driver\Src\stm32f0xx_hal_gpio.o
 .text          0x00000000        0x0 Drivers\STM32F0xx_HAL_Driver\Src\stm32f0xx_hal_i2c.o
 .data          0x00000000        0x0 Drivers\STM32F0xx_HAL_Driver\Src\stm32f0xx_hal_i2c.o
 .bss           0x00000000        0x0 Drivers\STM32F0xx_HAL_Driver\Src\stm32f0xx_hal_i2c.o
 .text.I2C_Flush_TXDR
                0x00000000       0x1e Drivers\STM32F0xx_HAL_Driver\Src\stm32f0xx_hal_i2c.o
 .text.I2C_DMASlaveTransmitCplt
                0x00000000        0x2 Drivers\STM32F0xx_HAL_Driver\Src\stm32f0xx_hal_i2c.o
 .text.I2C_DMASlaveReceiveCplt
                0x00000000        0x2 Drivers\STM32F0xx_HAL_Driver\Src\stm32f0xx_hal_i2c.o
 .text.I2C_TransferConfig
                0x00000000       0x24 Drivers\STM32F0xx_HAL_Driver\Src\stm32f0xx_hal_i2c.o
 .text.I2C_Enable_IRQ
                0x00000000       0x6c Drivers\STM32F0xx_HAL_Driver\Src\stm32f0xx_hal_i2c.o
 .text.I2C_Disable_IRQ
                0x00000000       0x64 Drivers\STM32F0xx_HAL_Driver\Src\stm32f0xx_hal_i2c.o
 .text.I2C_IsAcknowledgeFailed
                0x00000000       0x78 Drivers\STM32F0xx_HAL_Driver\Src\stm32f0xx_hal_i2c.o
 .text.I2C_WaitOnTXISFlagUntilTimeout
                0x00000000       0x54 Drivers\STM32F0xx_HAL_Driver\Src\stm32f0xx_hal_i2c.o
 .text.I2C_WaitOnFlagUntilTimeout
                0x00000000       0x46 Drivers\STM32F0xx_HAL_Driver\Src\stm32f0xx_hal_i2c.o
 .text.I2C_RequestMemoryWrite
                0x00000000       0x84 Drivers\STM32F0xx_HAL_Driver\Src\stm32f0xx_hal_i2c.o
 .text.I2C_RequestMemoryRead
                0x00000000       0x82 Drivers\STM32F0xx_HAL_Driver\Src\stm32f0xx_hal_i2c.o
 .text.I2C_WaitOnSTOPFlagUntilTimeout
                0x00000000       0x50 Drivers\STM32F0xx_HAL_Driver\Src\stm32f0xx_hal_i2c.o
 .text.I2C_WaitOnRXNEFlagUntilTimeout
                0x00000000       0x88 Drivers\STM32F0xx_HAL_Driver\Src\stm32f0xx_hal_i2c.o
 .text.I2C_DMAMasterTransmitCplt
                0x00000000       0x58 Drivers\STM32F0xx_HAL_Driver\Src\stm32f0xx_hal_i2c.o
 .text.I2C_DMAMasterReceiveCplt
                0x00000000       0x58 Drivers\STM32F0xx_HAL_Driver\Src\stm32f0xx_hal_i2c.o
 .text.HAL_I2C_MspInit
                0x00000000        0x2 Drivers\STM32F0xx_HAL_Driver\Src\stm32f0xx_hal_i2c.o
 .text.HAL_I2C_Init
                0x00000000       0xcc Drivers\STM32F0xx_HAL_Driver\Src\stm32f0xx_hal_i2c.o
 .text.HAL_I2C_MspDeInit
                0x00000000        0x2 Drivers\STM32F0xx_HAL_Driver\Src\stm32f0xx_hal_i2c.o
 .text.HAL_I2C_DeInit
                0x00000000       0x32 Drivers\STM32F0xx_HAL_Driver\Src\stm32f0xx_hal_i2c.o
 .text.HAL_I2C_Master_Transmit
                0x00000000      0x178 Drivers\STM32F0xx_HAL_Driver\Src\stm32f0xx_hal_i2c.o
 .text.HAL_I2C_Master_Receive
                0x00000000      0x178 Drivers\STM32F0xx_HAL_Driver\Src\stm32f0xx_hal_i2c.o
 .text.HAL_I2C_Slave_Transmit
                0x00000000      0x1a4 Drivers\STM32F0xx_HAL_Driver\Src\stm32f0xx_hal_i2c.o
 .text.HAL_I2C_Slave_Receive
                0x00000000      0x18c Drivers\STM32F0xx_HAL_Driver\Src\stm32f0xx_hal_i2c.o
 .text.HAL_I2C_Master_Transmit_IT
                0x00000000       0x90 Drivers\STM32F0xx_HAL_Driver\Src\stm32f0xx_hal_i2c.o
 .text.HAL_I2C_Master_Receive_IT
                0x00000000       0x90 Drivers\STM32F0xx_HAL_Driver\Src\stm32f0xx_hal_i2c.o
 .text.HAL_I2C_Slave_Transmit_IT
                0x00000000       0x64 Drivers\STM32F0xx_HAL_Driver\Src\stm32f0xx_hal_i2c.o
 .text.HAL_I2C_Slave_Receive_IT
                0x00000000       0x64 Drivers\STM32F0xx_HAL_Driver\Src\stm32f0xx_hal_i2c.o
 .text.HAL_I2C_Master_Transmit_DMA
                0x00000000      0x104 Drivers\STM32F0xx_HAL_Driver\Src\stm32f0xx_hal_i2c.o
 .text.HAL_I2C_Master_Receive_DMA
                0x00000000      0x104 Drivers\STM32F0xx_HAL_Driver\Src\stm32f0xx_hal_i2c.o
 .text.HAL_I2C_Slave_Transmit_DMA
                0x00000000       0xa8 Drivers\STM32F0xx_HAL_Driver\Src\stm32f0xx_hal_i2c.o
 .text.HAL_I2C_Slave_Receive_DMA
                0x00000000       0xac Drivers\STM32F0xx_HAL_Driver\Src\stm32f0xx_hal_i2c.o
 .text.HAL_I2C_Mem_Write
                0x00000000      0x1c0 Drivers\STM32F0xx_HAL_Driver\Src\stm32f0xx_hal_i2c.o
 .text.HAL_I2C_Mem_Read
                0x00000000      0x1c8 Drivers\STM32F0xx_HAL_Driver\Src\stm32f0xx_hal_i2c.o
 .text.HAL_I2C_Mem_Write_IT
                0x00000000       0xe4 Drivers\STM32F0xx_HAL_Driver\Src\stm32f0xx_hal_i2c.o
 .text.HAL_I2C_Mem_Read_IT
                0x00000000       0xe8 Drivers\STM32F0xx_HAL_Driver\Src\stm32f0xx_hal_i2c.o
 .text.HAL_I2C_Mem_Write_DMA
                0x00000000      0x124 Drivers\STM32F0xx_HAL_Driver\Src\stm32f0xx_hal_i2c.o
 .text.HAL_I2C_Mem_Read_DMA
                0x00000000      0x128 Drivers\STM32F0xx_HAL_Driver\Src\stm32f0xx_hal_i2c.o
 .text.HAL_I2C_IsDeviceReady
                0x00000000      0x16c Drivers\STM32F0xx_HAL_Driver\Src\stm32f0xx_hal_i2c.o
 .text.HAL_I2C_Master_Sequential_Transmit_IT
                0x00000000       0x84 Drivers\STM32F0xx_HAL_Driver\Src\stm32f0xx_hal_i2c.o
 .text.HAL_I2C_Master_Sequential_Receive_IT
                0x00000000       0x88 Drivers\STM32F0xx_HAL_Driver\Src\stm32f0xx_hal_i2c.o
 .text.HAL_I2C_Slave_Sequential_Transmit_IT
                0x00000000       0xa0 Drivers\STM32F0xx_HAL_Driver\Src\stm32f0xx_hal_i2c.o
 .text.HAL_I2C_Slave_Sequential_Receive_IT
                0x00000000       0xa0 Drivers\STM32F0xx_HAL_Driver\Src\stm32f0xx_hal_i2c.o
 .text.HAL_I2C_EnableListen_IT
                0x00000000       0x28 Drivers\STM32F0xx_HAL_Driver\Src\stm32f0xx_hal_i2c.o
 .text.HAL_I2C_DisableListen_IT
                0x00000000       0x34 Drivers\STM32F0xx_HAL_Driver\Src\stm32f0xx_hal_i2c.o
 .text.HAL_I2C_Master_Abort_IT
                0x00000000       0x60 Drivers\STM32F0xx_HAL_Driver\Src\stm32f0xx_hal_i2c.o
 .text.HAL_I2C_EV_IRQHandler
                0x00000000       0x12 Drivers\STM32F0xx_HAL_Driver\Src\stm32f0xx_hal_i2c.o
 .text.HAL_I2C_MasterTxCpltCallback
                0x00000000        0x2 Drivers\STM32F0xx_HAL_Driver\Src\stm32f0xx_hal_i2c.o
 .text.HAL_I2C_MasterRxCpltCallback
                0x00000000        0x2 Drivers\STM32F0xx_HAL_Driver\Src\stm32f0xx_hal_i2c.o
 .text.I2C_ITMasterSequentialCplt
                0x00000000       0x52 Drivers\STM32F0xx_HAL_Driver\Src\stm32f0xx_hal_i2c.o
 .text.HAL_I2C_SlaveTxCpltCallback
                0x00000000        0x2 Drivers\STM32F0xx_HAL_Driver\Src\stm32f0xx_hal_i2c.o
 .text.HAL_I2C_SlaveRxCpltCallback
                0x00000000        0x2 Drivers\STM32F0xx_HAL_Driver\Src\stm32f0xx_hal_i2c.o
 .text.I2C_ITSlaveSequentialCplt
                0x00000000       0x58 Drivers\STM32F0xx_HAL_Driver\Src\stm32f0xx_hal_i2c.o
 .text.HAL_I2C_AddrCallback
                0x00000000        0x2 Drivers\STM32F0xx_HAL_Driver\Src\stm32f0xx_hal_i2c.o
 .text.HAL_I2C_ListenCpltCallback
                0x00000000        0x2 Drivers\STM32F0xx_HAL_Driver\Src\stm32f0xx_hal_i2c.o
 .text.I2C_ITListenCplt
                0x00000000       0x64 Drivers\STM32F0xx_HAL_Driver\Src\stm32f0xx_hal_i2c.o
 .text.HAL_I2C_MemTxCpltCallback
                0x00000000        0x2 Drivers\STM32F0xx_HAL_Driver\Src\stm32f0xx_hal_i2c.o
 .text.HAL_I2C_MemRxCpltCallback
                0x00000000        0x2 Drivers\STM32F0xx_HAL_Driver\Src\stm32f0xx_hal_i2c.o
 .text.HAL_I2C_ErrorCallback
                0x00000000        0x2 Drivers\STM32F0xx_HAL_Driver\Src\stm32f0xx_hal_i2c.o
 .text.HAL_I2C_AbortCpltCallback
                0x00000000        0x2 Drivers\STM32F0xx_HAL_Driver\Src\stm32f0xx_hal_i2c.o
 .text.I2C_ITError
                0x00000000       0xf8 Drivers\STM32F0xx_HAL_Driver\Src\stm32f0xx_hal_i2c.o
 .text.I2C_ITSlaveCplt
                0x00000000      0x118 Drivers\STM32F0xx_HAL_Driver\Src\stm32f0xx_hal_i2c.o
 .text.I2C_Slave_ISR_IT
                0x00000000      0x1e4 Drivers\STM32F0xx_HAL_Driver\Src\stm32f0xx_hal_i2c.o
 .text.I2C_Slave_ISR_DMA
                0x00000000       0x84 Drivers\STM32F0xx_HAL_Driver\Src\stm32f0xx_hal_i2c.o
 .text.I2C_ITMasterCplt
                0x00000000       0xd4 Drivers\STM32F0xx_HAL_Driver\Src\stm32f0xx_hal_i2c.o
 .text.I2C_Master_ISR_IT
                0x00000000      0x16c Drivers\STM32F0xx_HAL_Driver\Src\stm32f0xx_hal_i2c.o
 .text.I2C_Master_ISR_DMA
                0x00000000       0xda Drivers\STM32F0xx_HAL_Driver\Src\stm32f0xx_hal_i2c.o
 .text.I2C_DMAError
                0x00000000       0x18 Drivers\STM32F0xx_HAL_Driver\Src\stm32f0xx_hal_i2c.o
 .text.HAL_I2C_ER_IRQHandler
                0x00000000       0x74 Drivers\STM32F0xx_HAL_Driver\Src\stm32f0xx_hal_i2c.o
 .text.I2C_DMAAbort
                0x00000000       0x34 Drivers\STM32F0xx_HAL_Driver\Src\stm32f0xx_hal_i2c.o
 .text.HAL_I2C_GetState
                0x00000000        0x8 Drivers\STM32F0xx_HAL_Driver\Src\stm32f0xx_hal_i2c.o
 .text.HAL_I2C_GetMode
                0x00000000        0x8 Drivers\STM32F0xx_HAL_Driver\Src\stm32f0xx_hal_i2c.o
 .text.HAL_I2C_GetError
                0x00000000        0x4 Drivers\STM32F0xx_HAL_Driver\Src\stm32f0xx_hal_i2c.o
 .debug_info    0x00000000     0x39d4 Drivers\STM32F0xx_HAL_Driver\Src\stm32f0xx_hal_i2c.o
 .debug_abbrev  0x00000000      0x2f9 Drivers\STM32F0xx_HAL_Driver\Src\stm32f0xx_hal_i2c.o
 .debug_loc     0x00000000     0x3368 Drivers\STM32F0xx_HAL_Driver\Src\stm32f0xx_hal_i2c.o
 .debug_aranges
                0x00000000      0x258 Drivers\STM32F0xx_HAL_Driver\Src\stm32f0xx_hal_i2c.o
 .debug_ranges  0x00000000      0x248 Drivers\STM32F0xx_HAL_Driver\Src\stm32f0xx_hal_i2c.o
 .debug_line    0x00000000     0x1529 Drivers\STM32F0xx_HAL_Driver\Src\stm32f0xx_hal_i2c.o
 .debug_str     0x00000000     0x12dd Drivers\STM32F0xx_HAL_Driver\Src\stm32f0xx_hal_i2c.o
 .comment       0x00000000       0x7d Drivers\STM32F0xx_HAL_Driver\Src\stm32f0xx_hal_i2c.o
 .debug_frame   0x00000000      0x780 Drivers\STM32F0xx_HAL_Driver\Src\stm32f0xx_hal_i2c.o
 .ARM.attributes
                0x00000000       0x31 Drivers\STM32F0xx_HAL_Driver\Src\stm32f0xx_hal_i2c.o
 .text          0x00000000        0x0 Drivers\STM32F0xx_HAL_Driver\Src\stm32f0xx_hal_i2c_ex.o
 .data          0x00000000        0x0 Drivers\STM32F0xx_HAL_Driver\Src\stm32f0xx_hal_i2c_ex.o
 .bss           0x00000000        0x0 Drivers\STM32F0xx_HAL_Driver\Src\stm32f0xx_hal_i2c_ex.o
 .text.HAL_I2CEx_ConfigAnalogFilter
                0x00000000       0x58 Drivers\STM32F0xx_HAL_Driver\Src\stm32f0xx_hal_i2c_ex.o
 .text.HAL_I2CEx_ConfigDigitalFilter
                0x00000000       0x54 Drivers\STM32F0xx_HAL_Driver\Src\stm32f0xx_hal_i2c_ex.o
 .text.HAL_I2CEx_EnableWakeUp
                0x00000000       0x4c Drivers\STM32F0xx_HAL_Driver\Src\stm32f0xx_hal_i2c_ex.o
 .text.HAL_I2CEx_DisableWakeUp
                0x00000000       0x50 Drivers\STM32F0xx_HAL_Driver\Src\stm32f0xx_hal_i2c_ex.o
 .text.HAL_I2CEx_EnableFastModePlus
                0x00000000       0x28 Drivers\STM32F0xx_HAL_Driver\Src\stm32f0xx_hal_i2c_ex.o
 .text.HAL_I2CEx_DisableFastModePlus
                0x00000000       0x28 Drivers\STM32F0xx_HAL_Driver\Src\stm32f0xx_hal_i2c_ex.o
 .debug_info    0x00000000     0x1089 Drivers\STM32F0xx_HAL_Driver\Src\stm32f0xx_hal_i2c_ex.o
 .debug_abbrev  0x00000000      0x229 Drivers\STM32F0xx_HAL_Driver\Src\stm32f0xx_hal_i2c_ex.o
 .debug_loc     0x00000000      0x187 Drivers\STM32F0xx_HAL_Driver\Src\stm32f0xx_hal_i2c_ex.o
 .debug_aranges
                0x00000000       0x48 Drivers\STM32F0xx_HAL_Driver\Src\stm32f0xx_hal_i2c_ex.o
 .debug_ranges  0x00000000       0x38 Drivers\STM32F0xx_HAL_Driver\Src\stm32f0xx_hal_i2c_ex.o
 .debug_line    0x00000000      0x3ea Drivers\STM32F0xx_HAL_Driver\Src\stm32f0xx_hal_i2c_ex.o
 .debug_str     0x00000000      0xc43 Drivers\STM32F0xx_HAL_Driver\Src\stm32f0xx_hal_i2c_ex.o
 .comment       0x00000000       0x7d Drivers\STM32F0xx_HAL_Driver\Src\stm32f0xx_hal_i2c_ex.o
 .debug_frame   0x00000000       0xb0 Drivers\STM32F0xx_HAL_Driver\Src\stm32f0xx_hal_i2c_ex.o
 .ARM.attributes
                0x00000000       0x31 Drivers\STM32F0xx_HAL_Driver\Src\stm32f0xx_hal_i2c_ex.o
 .text          0x00000000        0x0 Drivers\STM32F0xx_HAL_Driver\Src\stm32f0xx_hal_pwr.o
 .data          0x00000000        0x0 Drivers\STM32F0xx_HAL_Driver\Src\stm32f0xx_hal_pwr.o
 .bss           0x00000000        0x0 Drivers\STM32F0xx_HAL_Driver\Src\stm32f0xx_hal_pwr.o
 .text.HAL_PWR_DeInit
                0x00000000       0x20 Drivers\STM32F0xx_HAL_Driver\Src\stm32f0xx_hal_pwr.o
 .text.HAL_PWR_EnableBkUpAccess
                0x00000000       0x14 Drivers\STM32F0xx_HAL_Driver\Src\stm32f0xx_hal_pwr.o
 .text.HAL_PWR_DisableBkUpAccess
                0x00000000       0x14 Drivers\STM32F0xx_HAL_Driver\Src\stm32f0xx_hal_pwr.o
 .text.HAL_PWR_EnableWakeUpPin
                0x00000000       0x10 Drivers\STM32F0xx_HAL_Driver\Src\stm32f0xx_hal_pwr.o
 .text.HAL_PWR_DisableWakeUpPin
                0x00000000       0x10 Drivers\STM32F0xx_HAL_Driver\Src\stm32f0xx_hal_pwr.o
 .text.HAL_PWR_EnterSLEEPMode
                0x00000000       0x20 Drivers\STM32F0xx_HAL_Driver\Src\stm32f0xx_hal_pwr.o
 .text.HAL_PWR_EnterSTOPMode
                0x00000000       0x3c Drivers\STM32F0xx_HAL_Driver\Src\stm32f0xx_hal_pwr.o
 .text.HAL_PWR_EnterSTANDBYMode
                0x00000000       0x20 Drivers\STM32F0xx_HAL_Driver\Src\stm32f0xx_hal_pwr.o
 .text.HAL_PWR_EnableSleepOnExit
                0x00000000       0x10 Drivers\STM32F0xx_HAL_Driver\Src\stm32f0xx_hal_pwr.o
 .text.HAL_PWR_DisableSleepOnExit
                0x00000000       0x10 Drivers\STM32F0xx_HAL_Driver\Src\stm32f0xx_hal_pwr.o
 .text.HAL_PWR_EnableSEVOnPend
                0x00000000       0x10 Drivers\STM32F0xx_HAL_Driver\Src\stm32f0xx_hal_pwr.o
 .text.HAL_PWR_DisableSEVOnPend
                0x00000000       0x10 Drivers\STM32F0xx_HAL_Driver\Src\stm32f0xx_hal_pwr.o
 .debug_info    0x00000000      0xcaf Drivers\STM32F0xx_HAL_Driver\Src\stm32f0xx_hal_pwr.o
 .debug_abbrev  0x00000000      0x22b Drivers\STM32F0xx_HAL_Driver\Src\stm32f0xx_hal_pwr.o
 .debug_loc     0x00000000       0xc8 Drivers\STM32F0xx_HAL_Driver\Src\stm32f0xx_hal_pwr.o
 .debug_aranges
                0x00000000       0x78 Drivers\STM32F0xx_HAL_Driver\Src\stm32f0xx_hal_pwr.o
 .debug_ranges  0x00000000       0x68 Drivers\STM32F0xx_HAL_Driver\Src\stm32f0xx_hal_pwr.o
 .debug_line    0x00000000      0x36b Drivers\STM32F0xx_HAL_Driver\Src\stm32f0xx_hal_pwr.o
 .debug_str     0x00000000      0x820 Drivers\STM32F0xx_HAL_Driver\Src\stm32f0xx_hal_pwr.o
 .comment       0x00000000       0x7d Drivers\STM32F0xx_HAL_Driver\Src\stm32f0xx_hal_pwr.o
 .debug_frame   0x00000000       0xd8 Drivers\STM32F0xx_HAL_Driver\Src\stm32f0xx_hal_pwr.o
 .ARM.attributes
                0x00000000       0x31 Drivers\STM32F0xx_HAL_Driver\Src\stm32f0xx_hal_pwr.o
 .text          0x00000000        0x0 Drivers\STM32F0xx_HAL_Driver\Src\stm32f0xx_hal_pwr_ex.o
 .data          0x00000000        0x0 Drivers\STM32F0xx_HAL_Driver\Src\stm32f0xx_hal_pwr_ex.o
 .bss           0x00000000        0x0 Drivers\STM32F0xx_HAL_Driver\Src\stm32f0xx_hal_pwr_ex.o
 .text.HAL_PWR_ConfigPVD
                0x00000000       0x80 Drivers\STM32F0xx_HAL_Driver\Src\stm32f0xx_hal_pwr_ex.o
 .text.HAL_PWR_EnablePVD
                0x00000000       0x10 Drivers\STM32F0xx_HAL_Driver\Src\stm32f0xx_hal_pwr_ex.o
 .text.HAL_PWR_DisablePVD
                0x00000000       0x10 Drivers\STM32F0xx_HAL_Driver\Src\stm32f0xx_hal_pwr_ex.o
 .text.HAL_PWR_PVDCallback
                0x00000000        0x2 Drivers\STM32F0xx_HAL_Driver\Src\stm32f0xx_hal_pwr_ex.o
 .text.HAL_PWR_PVD_IRQHandler
                0x00000000       0x20 Drivers\STM32F0xx_HAL_Driver\Src\stm32f0xx_hal_pwr_ex.o
 .text.HAL_PWREx_EnableVddio2Monitor
                0x00000000       0x18 Drivers\STM32F0xx_HAL_Driver\Src\stm32f0xx_hal_pwr_ex.o
 .text.HAL_PWREx_DisableVddio2Monitor
                0x00000000       0x20 Drivers\STM32F0xx_HAL_Driver\Src\stm32f0xx_hal_pwr_ex.o
 .text.HAL_PWREx_Vddio2MonitorCallback
                0x00000000        0x2 Drivers\STM32F0xx_HAL_Driver\Src\stm32f0xx_hal_pwr_ex.o
 .text.HAL_PWREx_Vddio2Monitor_IRQHandler
                0x00000000       0x20 Drivers\STM32F0xx_HAL_Driver\Src\stm32f0xx_hal_pwr_ex.o
 .debug_info    0x00000000      0xab2 Drivers\STM32F0xx_HAL_Driver\Src\stm32f0xx_hal_pwr_ex.o
 .debug_abbrev  0x00000000      0x1f2 Drivers\STM32F0xx_HAL_Driver\Src\stm32f0xx_hal_pwr_ex.o
 .debug_aranges
                0x00000000       0x60 Drivers\STM32F0xx_HAL_Driver\Src\stm32f0xx_hal_pwr_ex.o
 .debug_ranges  0x00000000       0x50 Drivers\STM32F0xx_HAL_Driver\Src\stm32f0xx_hal_pwr_ex.o
 .debug_line    0x00000000      0x32b Drivers\STM32F0xx_HAL_Driver\Src\stm32f0xx_hal_pwr_ex.o
 .debug_str     0x00000000      0x767 Drivers\STM32F0xx_HAL_Driver\Src\stm32f0xx_hal_pwr_ex.o
 .comment       0x00000000       0x7d Drivers\STM32F0xx_HAL_Driver\Src\stm32f0xx_hal_pwr_ex.o
 .debug_frame   0x00000000       0xb0 Drivers\STM32F0xx_HAL_Driver\Src\stm32f0xx_hal_pwr_ex.o
 .ARM.attributes
                0x00000000       0x31 Drivers\STM32F0xx_HAL_Driver\Src\stm32f0xx_hal_pwr_ex.o
 .text          0x00000000        0x0 Drivers\STM32F0xx_HAL_Driver\Src\stm32f0xx_hal_rcc.o
 .data          0x00000000        0x0 Drivers\STM32F0xx_HAL_Driver\Src\stm32f0xx_hal_rcc.o
 .bss           0x00000000        0x0 Drivers\STM32F0xx_HAL_Driver\Src\stm32f0xx_hal_rcc.o
 .text.HAL_RCC_DeInit
                0x00000000       0x4c Drivers\STM32F0xx_HAL_Driver\Src\stm32f0xx_hal_rcc.o
 .text.HAL_RCC_MCOConfig
                0x00000000       0x54 Drivers\STM32F0xx_HAL_Driver\Src\stm32f0xx_hal_rcc.o
 .text.HAL_RCC_EnableCSS
                0x00000000       0x14 Drivers\STM32F0xx_HAL_Driver\Src\stm32f0xx_hal_rcc.o
 .text.HAL_RCC_DisableCSS
                0x00000000       0x14 Drivers\STM32F0xx_HAL_Driver\Src\stm32f0xx_hal_rcc.o
 .text.HAL_RCC_GetOscConfig
                0x00000000       0xc8 Drivers\STM32F0xx_HAL_Driver\Src\stm32f0xx_hal_rcc.o
 .text.HAL_RCC_GetClockConfig
                0x00000000       0x38 Drivers\STM32F0xx_HAL_Driver\Src\stm32f0xx_hal_rcc.o
 .text.HAL_RCC_CSSCallback
                0x00000000        0x2 Drivers\STM32F0xx_HAL_Driver\Src\stm32f0xx_hal_rcc.o
 .text.HAL_RCC_NMI_IRQHandler
                0x00000000       0x20 Drivers\STM32F0xx_HAL_Driver\Src\stm32f0xx_hal_rcc.o
 .text          0x00000000        0x0 Drivers\STM32F0xx_HAL_Driver\Src\stm32f0xx_hal_rcc_ex.o
 .data          0x00000000        0x0 Drivers\STM32F0xx_HAL_Driver\Src\stm32f0xx_hal_rcc_ex.o
 .bss           0x00000000        0x0 Drivers\STM32F0xx_HAL_Driver\Src\stm32f0xx_hal_rcc_ex.o
 .text.HAL_RCCEx_GetPeriphCLKConfig
                0x00000000       0x5c Drivers\STM32F0xx_HAL_Driver\Src\stm32f0xx_hal_rcc_ex.o
 .text.HAL_RCCEx_GetPeriphCLKFreq
                0x00000000      0x1d0 Drivers\STM32F0xx_HAL_Driver\Src\stm32f0xx_hal_rcc_ex.o
 .text.HAL_RCCEx_CRSConfig
                0x00000000       0x54 Drivers\STM32F0xx_HAL_Driver\Src\stm32f0xx_hal_rcc_ex.o
 .text.HAL_RCCEx_CRSSoftwareSynchronizationGenerate
                0x00000000       0x10 Drivers\STM32F0xx_HAL_Driver\Src\stm32f0xx_hal_rcc_ex.o
 .text.HAL_RCCEx_CRSGetSynchronizationInfo
                0x00000000       0x28 Drivers\STM32F0xx_HAL_Driver\Src\stm32f0xx_hal_rcc_ex.o
 .text.HAL_RCCEx_CRSWaitSynchronization
                0x00000000       0x8c Drivers\STM32F0xx_HAL_Driver\Src\stm32f0xx_hal_rcc_ex.o
 .text.HAL_RCCEx_CRS_SyncOkCallback
                0x00000000        0x2 Drivers\STM32F0xx_HAL_Driver\Src\stm32f0xx_hal_rcc_ex.o
 .text.HAL_RCCEx_CRS_SyncWarnCallback
                0x00000000        0x2 Drivers\STM32F0xx_HAL_Driver\Src\stm32f0xx_hal_rcc_ex.o
 .text.HAL_RCCEx_CRS_ExpectedSyncCallback
                0x00000000        0x2 Drivers\STM32F0xx_HAL_Driver\Src\stm32f0xx_hal_rcc_ex.o
 .text.HAL_RCCEx_CRS_ErrorCallback
                0x00000000        0x2 Drivers\STM32F0xx_HAL_Driver\Src\stm32f0xx_hal_rcc_ex.o
 .text.HAL_RCCEx_CRS_IRQHandler
                0x00000000       0x74 Drivers\STM32F0xx_HAL_Driver\Src\stm32f0xx_hal_rcc_ex.o
 .text          0x00000000        0x0 Drivers\STM32F0xx_HAL_Driver\Src\stm32f0xx_hal_tim.o
 .data          0x00000000        0x0 Drivers\STM32F0xx_HAL_Driver\Src\stm32f0xx_hal_tim.o
 .bss           0x00000000        0x0 Drivers\STM32F0xx_HAL_Driver\Src\stm32f0xx_hal_tim.o
 .debug_info    0x00000000      0x900 Drivers\STM32F0xx_HAL_Driver\Src\stm32f0xx_hal_tim.o
 .debug_abbrev  0x00000000      0x155 Drivers\STM32F0xx_HAL_Driver\Src\stm32f0xx_hal_tim.o
 .debug_aranges
                0x00000000       0x18 Drivers\STM32F0xx_HAL_Driver\Src\stm32f0xx_hal_tim.o
 .debug_line    0x00000000      0x1dc Drivers\STM32F0xx_HAL_Driver\Src\stm32f0xx_hal_tim.o
 .debug_str     0x00000000      0x62b Drivers\STM32F0xx_HAL_Driver\Src\stm32f0xx_hal_tim.o
 .comment       0x00000000       0x7d Drivers\STM32F0xx_HAL_Driver\Src\stm32f0xx_hal_tim.o
 .ARM.attributes
                0x00000000       0x31 Drivers\STM32F0xx_HAL_Driver\Src\stm32f0xx_hal_tim.o
 .text          0x00000000        0x0 Drivers\STM32F0xx_HAL_Driver\Src\stm32f0xx_hal_tim_ex.o
 .data          0x00000000        0x0 Drivers\STM32F0xx_HAL_Driver\Src\stm32f0xx_hal_tim_ex.o
 .bss           0x00000000        0x0 Drivers\STM32F0xx_HAL_Driver\Src\stm32f0xx_hal_tim_ex.o
 .debug_info    0x00000000      0x900 Drivers\STM32F0xx_HAL_Driver\Src\stm32f0xx_hal_tim_ex.o
 .debug_abbrev  0x00000000      0x155 Drivers\STM32F0xx_HAL_Driver\Src\stm32f0xx_hal_tim_ex.o
 .debug_aranges
                0x00000000       0x18 Drivers\STM32F0xx_HAL_Driver\Src\stm32f0xx_hal_tim_ex.o
 .debug_line    0x00000000      0x1dc Drivers\STM32F0xx_HAL_Driver\Src\stm32f0xx_hal_tim_ex.o
 .debug_str     0x00000000      0x62e Drivers\STM32F0xx_HAL_Driver\Src\stm32f0xx_hal_tim_ex.o
 .comment       0x00000000       0x7d Drivers\STM32F0xx_HAL_Driver\Src\stm32f0xx_hal_tim_ex.o
 .ARM.attributes
                0x00000000       0x31 Drivers\STM32F0xx_HAL_Driver\Src\stm32f0xx_hal_tim_ex.o
 .text          0x00000000        0x0 Drivers\STM32F0xx_HAL_Driver\Src\stm32f0xx_hal_uart.o
 .data          0x00000000        0x0 Drivers\STM32F0xx_HAL_Driver\Src\stm32f0xx_hal_uart.o
 .bss           0x00000000        0x0 Drivers\STM32F0xx_HAL_Driver\Src\stm32f0xx_hal_uart.o
 .text.HAL_UART_MspInit
                0x00000000        0x2 Drivers\STM32F0xx_HAL_Driver\Src\stm32f0xx_hal_uart.o
 .text.HAL_UART_MspDeInit
                0x00000000        0x2 Drivers\STM32F0xx_HAL_Driver\Src\stm32f0xx_hal_uart.o
 .text.HAL_UART_DeInit
                0x00000000       0x3c Drivers\STM32F0xx_HAL_Driver\Src\stm32f0xx_hal_uart.o
 .text.HAL_UART_Transmit_IT
                0x00000000       0x66 Drivers\STM32F0xx_HAL_Driver\Src\stm32f0xx_hal_uart.o
 .text.HAL_UART_Receive_IT
                0x00000000       0xec Drivers\STM32F0xx_HAL_Driver\Src\stm32f0xx_hal_uart.o
 .text.HAL_UART_Transmit_DMA
                0x00000000       0xa4 Drivers\STM32F0xx_HAL_Driver\Src\stm32f0xx_hal_uart.o
 .text.HAL_UART_Receive_DMA
                0x00000000       0xac Drivers\STM32F0xx_HAL_Driver\Src\stm32f0xx_hal_uart.o
 .text.HAL_UART_DMAPause
                0x00000000       0x6c Drivers\STM32F0xx_HAL_Driver\Src\stm32f0xx_hal_uart.o
 .text.HAL_UART_DMAResume
                0x00000000       0x60 Drivers\STM32F0xx_HAL_Driver\Src\stm32f0xx_hal_uart.o
 .text.HAL_UART_DMAStop
                0x00000000       0x66 Drivers\STM32F0xx_HAL_Driver\Src\stm32f0xx_hal_uart.o
 .text.HAL_UART_Abort
                0x00000000       0x80 Drivers\STM32F0xx_HAL_Driver\Src\stm32f0xx_hal_uart.o
 .text.HAL_UART_AbortTransmit
                0x00000000       0x3e Drivers\STM32F0xx_HAL_Driver\Src\stm32f0xx_hal_uart.o
 .text.HAL_UART_AbortReceive
                0x00000000       0x54 Drivers\STM32F0xx_HAL_Driver\Src\stm32f0xx_hal_uart.o
 .text.HAL_UART_TxCpltCallback
                0x00000000        0x2 Drivers\STM32F0xx_HAL_Driver\Src\stm32f0xx_hal_uart.o
 .text.UART_DMATransmitCplt
                0x00000000       0x30 Drivers\STM32F0xx_HAL_Driver\Src\stm32f0xx_hal_uart.o
 .text.HAL_UART_TxHalfCpltCallback
                0x00000000        0x2 Drivers\STM32F0xx_HAL_Driver\Src\stm32f0xx_hal_uart.o
 .text.UART_DMATxHalfCplt
                0x00000000        0xa Drivers\STM32F0xx_HAL_Driver\Src\stm32f0xx_hal_uart.o
 .text.HAL_UART_RxCpltCallback
                0x00000000        0x2 Drivers\STM32F0xx_HAL_Driver\Src\stm32f0xx_hal_uart.o
 .text.UART_DMAReceiveCplt
                0x00000000       0x44 Drivers\STM32F0xx_HAL_Driver\Src\stm32f0xx_hal_uart.o
 .text.HAL_UART_RxHalfCpltCallback
                0x00000000        0x2 Drivers\STM32F0xx_HAL_Driver\Src\stm32f0xx_hal_uart.o
 .text.UART_DMARxHalfCplt
                0x00000000        0xa Drivers\STM32F0xx_HAL_Driver\Src\stm32f0xx_hal_uart.o
 .text.UART_DMAError
                0x00000000       0x58 Drivers\STM32F0xx_HAL_Driver\Src\stm32f0xx_hal_uart.o
 .text.HAL_UART_AbortCpltCallback
                0x00000000        0x2 Drivers\STM32F0xx_HAL_Driver\Src\stm32f0xx_hal_uart.o
 .text.HAL_UART_Abort_IT
                0x00000000       0xdc Drivers\STM32F0xx_HAL_Driver\Src\stm32f0xx_hal_uart.o
 .text.UART_DMARxAbortCallback
                0x00000000       0x3a Drivers\STM32F0xx_HAL_Driver\Src\stm32f0xx_hal_uart.o
 .text.UART_DMATxAbortCallback
                0x00000000       0x3a Drivers\STM32F0xx_HAL_Driver\Src\stm32f0xx_hal_uart.o
 .text.HAL_UART_AbortTransmitCpltCallback
                0x00000000        0x2 Drivers\STM32F0xx_HAL_Driver\Src\stm32f0xx_hal_uart.o
 .text.HAL_UART_AbortTransmit_IT
                0x00000000       0x68 Drivers\STM32F0xx_HAL_Driver\Src\stm32f0xx_hal_uart.o
 .text.UART_DMATxOnlyAbortCallback
                0x00000000       0x16 Drivers\STM32F0xx_HAL_Driver\Src\stm32f0xx_hal_uart.o
 .text.HAL_UART_AbortReceiveCpltCallback
                0x00000000        0x2 Drivers\STM32F0xx_HAL_Driver\Src\stm32f0xx_hal_uart.o
 .text.HAL_UART_AbortReceive_IT
                0x00000000       0x80 Drivers\STM32F0xx_HAL_Driver\Src\stm32f0xx_hal_uart.o
 .text.UART_DMARxOnlyAbortCallback
                0x00000000       0x1c Drivers\STM32F0xx_HAL_Driver\Src\stm32f0xx_hal_uart.o
 .text.HAL_MultiProcessor_EnterMuteMode
                0x00000000        0xc Drivers\STM32F0xx_HAL_Driver\Src\stm32f0xx_hal_uart.o
 .text.HAL_HalfDuplex_EnableTransmitter
                0x00000000       0x38 Drivers\STM32F0xx_HAL_Driver\Src\stm32f0xx_hal_uart.o
 .text.HAL_HalfDuplex_EnableReceiver
                0x00000000       0x38 Drivers\STM32F0xx_HAL_Driver\Src\stm32f0xx_hal_uart.o
 .text.HAL_UART_GetState
                0x00000000        0xc Drivers\STM32F0xx_HAL_Driver\Src\stm32f0xx_hal_uart.o
 .text.HAL_UART_GetError
                0x00000000        0x4 Drivers\STM32F0xx_HAL_Driver\Src\stm32f0xx_hal_uart.o
 .text.HAL_HalfDuplex_Init
                0x00000000       0x7c Drivers\STM32F0xx_HAL_Driver\Src\stm32f0xx_hal_uart.o
 .text.HAL_MultiProcessor_Init
                0x00000000       0xa0 Drivers\STM32F0xx_HAL_Driver\Src\stm32f0xx_hal_uart.o
 .text.HAL_MultiProcessor_EnableMuteMode
                0x00000000       0x34 Drivers\STM32F0xx_HAL_Driver\Src\stm32f0xx_hal_uart.o
 .text.HAL_MultiProcessor_DisableMuteMode
                0x00000000       0x38 Drivers\STM32F0xx_HAL_Driver\Src\stm32f0xx_hal_uart.o
 .text          0x00000000        0x0 Drivers\STM32F0xx_HAL_Driver\Src\stm32f0xx_hal_uart_ex.o
 .data          0x00000000        0x0 Drivers\STM32F0xx_HAL_Driver\Src\stm32f0xx_hal_uart_ex.o
 .bss           0x00000000        0x0 Drivers\STM32F0xx_HAL_Driver\Src\stm32f0xx_hal_uart_ex.o
 .text.HAL_RS485Ex_Init
                0x00000000       0x94 Drivers\STM32F0xx_HAL_Driver\Src\stm32f0xx_hal_uart_ex.o
 .text.HAL_LIN_Init
                0x00000000       0xa4 Drivers\STM32F0xx_HAL_Driver\Src\stm32f0xx_hal_uart_ex.o
 .text.HAL_UARTEx_StopModeWakeUpSourceConfig
                0x00000000       0x9c Drivers\STM32F0xx_HAL_Driver\Src\stm32f0xx_hal_uart_ex.o
 .text.HAL_UARTEx_EnableStopMode
                0x00000000       0x2e Drivers\STM32F0xx_HAL_Driver\Src\stm32f0xx_hal_uart_ex.o
 .text.HAL_UARTEx_DisableStopMode
                0x00000000       0x2e Drivers\STM32F0xx_HAL_Driver\Src\stm32f0xx_hal_uart_ex.o
 .text.HAL_MultiProcessorEx_AddressLength_Set
                0x00000000       0x34 Drivers\STM32F0xx_HAL_Driver\Src\stm32f0xx_hal_uart_ex.o
 .text.HAL_LIN_SendBreak
                0x00000000       0x2e Drivers\STM32F0xx_HAL_Driver\Src\stm32f0xx_hal_uart_ex.o
 .text          0x00000000        0x0 Src\main.o
 .data          0x00000000        0x0 Src\main.o
 .bss           0x00000000        0x0 Src\main.o
 .text.Error_Handler
                0x00000000        0x2 Src\main.o
 .data.beginMessage
                0x00000000       0x1e Src\main.o
 .data.isBegin  0x00000000        0x1 Src\main.o
 .data.testMessage
                0x00000000       0x14 Src\main.o
 .text          0x00000000        0x0 Src\stm32f0xx_hal_msp.o
 .data          0x00000000        0x0 Src\stm32f0xx_hal_msp.o
 .bss           0x00000000        0x0 Src\stm32f0xx_hal_msp.o
 .text.HAL_UART_MspDeInit
                0x00000000       0x60 Src\stm32f0xx_hal_msp.o
 .text          0x00000000        0x0 Src\stm32f0xx_it.o
 .data          0x00000000        0x0 Src\stm32f0xx_it.o
 .bss           0x00000000        0x0 Src\stm32f0xx_it.o
 .text          0x00000000        0x0 Src\system_stm32f0xx.o
 .data          0x00000000        0x0 Src\system_stm32f0xx.o
 .bss           0x00000000        0x0 Src\system_stm32f0xx.o
 .text.SystemCoreClockUpdate
                0x00000000       0xac Src\system_stm32f0xx.o
 .text          0x00000000       0x14 startup\startup_stm32f072xb.o
 .data          0x00000000        0x0 startup\startup_stm32f072xb.o
 .bss           0x00000000        0x0 startup\startup_stm32f072xb.o
 .text          0x00000000        0x0 c:/program files (x86)/atollic/truestudio for stm32 9.0.1/armtools/bin/../lib/gcc/arm-atollic-eabi/6.3.1/../../../../arm-atollic-eabi/lib/armv6-m\libc_nano.a(lib_a-init.o)
 .data          0x00000000        0x0 c:/program files (x86)/atollic/truestudio for stm32 9.0.1/armtools/bin/../lib/gcc/arm-atollic-eabi/6.3.1/../../../../arm-atollic-eabi/lib/armv6-m\libc_nano.a(lib_a-init.o)
 .bss           0x00000000        0x0 c:/program files (x86)/atollic/truestudio for stm32 9.0.1/armtools/bin/../lib/gcc/arm-atollic-eabi/6.3.1/../../../../arm-atollic-eabi/lib/armv6-m\libc_nano.a(lib_a-init.o)
 .text          0x00000000        0x0 c:/program files (x86)/atollic/truestudio for stm32 9.0.1/armtools/bin/../lib/gcc/arm-atollic-eabi/6.3.1/../../../../arm-atollic-eabi/lib/armv6-m\libc_nano.a(lib_a-memset.o)
 .data          0x00000000        0x0 c:/program files (x86)/atollic/truestudio for stm32 9.0.1/armtools/bin/../lib/gcc/arm-atollic-eabi/6.3.1/../../../../arm-atollic-eabi/lib/armv6-m\libc_nano.a(lib_a-memset.o)
 .bss           0x00000000        0x0 c:/program files (x86)/atollic/truestudio for stm32 9.0.1/armtools/bin/../lib/gcc/arm-atollic-eabi/6.3.1/../../../../arm-atollic-eabi/lib/armv6-m\libc_nano.a(lib_a-memset.o)
 .data          0x00000000        0x0 c:/program files (x86)/atollic/truestudio for stm32 9.0.1/armtools/bin/../lib/gcc/arm-atollic-eabi/6.3.1/../../../../arm-atollic-eabi/lib/armv6-m\libc_nano.a(lib_a-strlen.o)
 .bss           0x00000000        0x0 c:/program files (x86)/atollic/truestudio for stm32 9.0.1/armtools/bin/../lib/gcc/arm-atollic-eabi/6.3.1/../../../../arm-atollic-eabi/lib/armv6-m\libc_nano.a(lib_a-strlen.o)
 .data          0x00000000        0x0 c:/program files (x86)/atollic/truestudio for stm32 9.0.1/armtools/bin/../lib/gcc/arm-atollic-eabi/6.3.1/armv6-m\libgcc.a(_udivsi3.o)
 .bss           0x00000000        0x0 c:/program files (x86)/atollic/truestudio for stm32 9.0.1/armtools/bin/../lib/gcc/arm-atollic-eabi/6.3.1/armv6-m\libgcc.a(_udivsi3.o)
 .data          0x00000000        0x0 c:/program files (x86)/atollic/truestudio for stm32 9.0.1/armtools/bin/../lib/gcc/arm-atollic-eabi/6.3.1/armv6-m\libgcc.a(_dvmd_tls.o)
 .bss           0x00000000        0x0 c:/program files (x86)/atollic/truestudio for stm32 9.0.1/armtools/bin/../lib/gcc/arm-atollic-eabi/6.3.1/armv6-m\libgcc.a(_dvmd_tls.o)
 .text          0x00000000        0x0 c:/program files (x86)/atollic/truestudio for stm32 9.0.1/armtools/bin/../lib/gcc/arm-atollic-eabi/6.3.1/armv6-m/crtend.o
 .data          0x00000000        0x0 c:/program files (x86)/atollic/truestudio for stm32 9.0.1/armtools/bin/../lib/gcc/arm-atollic-eabi/6.3.1/armv6-m/crtend.o
 .bss           0x00000000        0x0 c:/program files (x86)/atollic/truestudio for stm32 9.0.1/armtools/bin/../lib/gcc/arm-atollic-eabi/6.3.1/armv6-m/crtend.o
 .eh_frame      0x00000000        0x4 c:/program files (x86)/atollic/truestudio for stm32 9.0.1/armtools/bin/../lib/gcc/arm-atollic-eabi/6.3.1/armv6-m/crtend.o
 .ARM.attributes
                0x00000000       0x2c c:/program files (x86)/atollic/truestudio for stm32 9.0.1/armtools/bin/../lib/gcc/arm-atollic-eabi/6.3.1/armv6-m/crtend.o
 .text          0x00000000        0x0 c:/program files (x86)/atollic/truestudio for stm32 9.0.1/armtools/bin/../lib/gcc/arm-atollic-eabi/6.3.1/armv6-m/crtn.o
 .data          0x00000000        0x0 c:/program files (x86)/atollic/truestudio for stm32 9.0.1/armtools/bin/../lib/gcc/arm-atollic-eabi/6.3.1/armv6-m/crtn.o
 .bss           0x00000000        0x0 c:/program files (x86)/atollic/truestudio for stm32 9.0.1/armtools/bin/../lib/gcc/arm-atollic-eabi/6.3.1/armv6-m/crtn.o

Memory Configuration

Name             Origin             Length             Attributes
RAM              0x20000000         0x00004000         xrw
FLASH            0x08000000         0x00010000         xr
*default*        0x00000000         0xffffffff

Linker script and memory map

LOAD c:/program files (x86)/atollic/truestudio for stm32 9.0.1/armtools/bin/../lib/gcc/arm-atollic-eabi/6.3.1/armv6-m/crti.o
LOAD c:/program files (x86)/atollic/truestudio for stm32 9.0.1/armtools/bin/../lib/gcc/arm-atollic-eabi/6.3.1/armv6-m/crtbegin.o
LOAD Drivers\STM32F0xx_HAL_Driver\Src\stm32f0xx_hal.o
LOAD Drivers\STM32F0xx_HAL_Driver\Src\stm32f0xx_hal_cortex.o
LOAD Drivers\STM32F0xx_HAL_Driver\Src\stm32f0xx_hal_dma.o
LOAD Drivers\STM32F0xx_HAL_Driver\Src\stm32f0xx_hal_flash.o
LOAD Drivers\STM32F0xx_HAL_Driver\Src\stm32f0xx_hal_flash_ex.o
LOAD Drivers\STM32F0xx_HAL_Driver\Src\stm32f0xx_hal_gpio.o
LOAD Drivers\STM32F0xx_HAL_Driver\Src\stm32f0xx_hal_i2c.o
LOAD Drivers\STM32F0xx_HAL_Driver\Src\stm32f0xx_hal_i2c_ex.o
LOAD Drivers\STM32F0xx_HAL_Driver\Src\stm32f0xx_hal_pwr.o
LOAD Drivers\STM32F0xx_HAL_Driver\Src\stm32f0xx_hal_pwr_ex.o
LOAD Drivers\STM32F0xx_HAL_Driver\Src\stm32f0xx_hal_rcc.o
LOAD Drivers\STM32F0xx_HAL_Driver\Src\stm32f0xx_hal_rcc_ex.o
LOAD Drivers\STM32F0xx_HAL_Driver\Src\stm32f0xx_hal_tim.o
LOAD Drivers\STM32F0xx_HAL_Driver\Src\stm32f0xx_hal_tim_ex.o
LOAD Drivers\STM32F0xx_HAL_Driver\Src\stm32f0xx_hal_uart.o
LOAD Drivers\STM32F0xx_HAL_Driver\Src\stm32f0xx_hal_uart_ex.o
LOAD Src\main.o
LOAD Src\stm32f0xx_hal_msp.o
LOAD Src\stm32f0xx_it.o
LOAD Src\system_stm32f0xx.o
LOAD startup\startup_stm32f072xb.o
                0x00000080                malloc_getpagesize_P = 0x80
START GROUP
LOAD c:/program files (x86)/atollic/truestudio for stm32 9.0.1/armtools/bin/../lib/gcc/arm-atollic-eabi/6.3.1/../../../../arm-atollic-eabi/lib/armv6-m\libc_nano.a
LOAD c:/program files (x86)/atollic/truestudio for stm32 9.0.1/armtools/bin/../lib/gcc/arm-atollic-eabi/6.3.1/../../../../arm-atollic-eabi/lib/armv6-m\libm.a
END GROUP
START GROUP
LOAD c:/program files (x86)/atollic/truestudio for stm32 9.0.1/armtools/bin/../lib/gcc/arm-atollic-eabi/6.3.1/armv6-m\libgcc.a
LOAD c:/program files (x86)/atollic/truestudio for stm32 9.0.1/armtools/bin/../lib/gcc/arm-atollic-eabi/6.3.1/../../../../arm-atollic-eabi/lib/armv6-m\libc_nano.a
END GROUP
START GROUP
LOAD c:/program files (x86)/atollic/truestudio for stm32 9.0.1/armtools/bin/../lib/gcc/arm-atollic-eabi/6.3.1/armv6-m\libgcc.a
LOAD c:/program files (x86)/atollic/truestudio for stm32 9.0.1/armtools/bin/../lib/gcc/arm-atollic-eabi/6.3.1/../../../../arm-atollic-eabi/lib/armv6-m\libc_nano.a
LOAD c:/program files (x86)/atollic/truestudio for stm32 9.0.1/armtools/bin/../lib/gcc/arm-atollic-eabi/6.3.1/../../../../arm-atollic-eabi/lib/armv6-m\libnosys.a
END GROUP
START GROUP
LOAD c:/program files (x86)/atollic/truestudio for stm32 9.0.1/armtools/bin/../lib/gcc/arm-atollic-eabi/6.3.1/armv6-m\libgcc.a
LOAD c:/program files (x86)/atollic/truestudio for stm32 9.0.1/armtools/bin/../lib/gcc/arm-atollic-eabi/6.3.1/../../../../arm-atollic-eabi/lib/armv6-m\libc_nano.a
LOAD c:/program files (x86)/atollic/truestudio for stm32 9.0.1/armtools/bin/../lib/gcc/arm-atollic-eabi/6.3.1/../../../../arm-atollic-eabi/lib/armv6-m\libnosys.a
END GROUP
LOAD c:/program files (x86)/atollic/truestudio for stm32 9.0.1/armtools/bin/../lib/gcc/arm-atollic-eabi/6.3.1/armv6-m/crtend.o
LOAD c:/program files (x86)/atollic/truestudio for stm32 9.0.1/armtools/bin/../lib/gcc/arm-atollic-eabi/6.3.1/armv6-m/crtn.o
                0x20004000                _estack = 0x20004000
                0x00000200                _Min_Heap_Size = 0x200
                0x00000400                _Min_Stack_Size = 0x400

.isr_vector     0x08000000       0xc0
                0x08000000                . = ALIGN (0x4)
 *(.isr_vector)
 .isr_vector    0x08000000       0xc0 startup\startup_stm32f072xb.o
                0x08000000                g_pfnVectors
                0x080000c0                . = ALIGN (0x4)

.text           0x080000c0     0x1f90
                0x080000c0                . = ALIGN (0x4)
 *(.text)
 .text          0x080000c0       0x48 c:/program files (x86)/atollic/truestudio for stm32 9.0.1/armtools/bin/../lib/gcc/arm-atollic-eabi/6.3.1/armv6-m/crtbegin.o
 .text          0x08000108        0xe c:/program files (x86)/atollic/truestudio for stm32 9.0.1/armtools/bin/../lib/gcc/arm-atollic-eabi/6.3.1/../../../../arm-atollic-eabi/lib/armv6-m\libc_nano.a(lib_a-strlen.o)
                0x08000108                strlen
 *fill*         0x08000116        0x2 
 .text          0x08000118      0x114 c:/program files (x86)/atollic/truestudio for stm32 9.0.1/armtools/bin/../lib/gcc/arm-atollic-eabi/6.3.1/armv6-m\libgcc.a(_udivsi3.o)
                0x08000118                __aeabi_uidiv
                0x08000118                __udivsi3
                0x08000224                __aeabi_uidivmod
 .text          0x0800022c        0x4 c:/program files (x86)/atollic/truestudio for stm32 9.0.1/armtools/bin/../lib/gcc/arm-atollic-eabi/6.3.1/armv6-m\libgcc.a(_dvmd_tls.o)
                0x0800022c                __aeabi_idiv0
                0x0800022c                __aeabi_ldiv0
 *(.text*)
 .text.HAL_InitTick
                0x08000230       0x24 Drivers\STM32F0xx_HAL_Driver\Src\stm32f0xx_hal.o
                0x08000230                HAL_InitTick
 .text.HAL_Init
                0x08000254       0x20 Drivers\STM32F0xx_HAL_Driver\Src\stm32f0xx_hal.o
                0x08000254                HAL_Init
 .text.HAL_IncTick
                0x08000274       0x10 Drivers\STM32F0xx_HAL_Driver\Src\stm32f0xx_hal.o
                0x08000274                HAL_IncTick
 .text.HAL_GetTick
                0x08000284        0xc Drivers\STM32F0xx_HAL_Driver\Src\stm32f0xx_hal.o
                0x08000284                HAL_GetTick
 .text.HAL_Delay
                0x08000290       0x24 Drivers\STM32F0xx_HAL_Driver\Src\stm32f0xx_hal.o
                0x08000290                HAL_Delay
 .text.HAL_NVIC_SetPriority
                0x080002b4       0x68 Drivers\STM32F0xx_HAL_Driver\Src\stm32f0xx_hal_cortex.o
                0x080002b4                HAL_NVIC_SetPriority
 .text.HAL_NVIC_EnableIRQ
                0x0800031c       0x14 Drivers\STM32F0xx_HAL_Driver\Src\stm32f0xx_hal_cortex.o
                0x0800031c                HAL_NVIC_EnableIRQ
 .text.HAL_SYSTICK_Config
                0x08000330       0x38 Drivers\STM32F0xx_HAL_Driver\Src\stm32f0xx_hal_cortex.o
                0x08000330                HAL_SYSTICK_Config
 .text.HAL_DMA_Abort_IT
                0x08000368       0x4a Drivers\STM32F0xx_HAL_Driver\Src\stm32f0xx_hal_dma.o
                0x08000368                HAL_DMA_Abort_IT
 *fill*         0x080003b2        0x2 
 .text.HAL_GPIO_Init
                0x080003b4      0x1b8 Drivers\STM32F0xx_HAL_Driver\Src\stm32f0xx_hal_gpio.o
                0x080003b4                HAL_GPIO_Init
 .text.HAL_GPIO_ReadPin
                0x0800056c        0xc Drivers\STM32F0xx_HAL_Driver\Src\stm32f0xx_hal_gpio.o
                0x0800056c                HAL_GPIO_ReadPin
 .text.HAL_GPIO_WritePin
                0x08000578        0xc Drivers\STM32F0xx_HAL_Driver\Src\stm32f0xx_hal_gpio.o
                0x08000578                HAL_GPIO_WritePin
 .text.HAL_GPIO_TogglePin
                0x08000584        0x8 Drivers\STM32F0xx_HAL_Driver\Src\stm32f0xx_hal_gpio.o
                0x08000584                HAL_GPIO_TogglePin
 .text.HAL_RCC_OscConfig
                0x0800058c      0x538 Drivers\STM32F0xx_HAL_Driver\Src\stm32f0xx_hal_rcc.o
                0x0800058c                HAL_RCC_OscConfig
 .text.HAL_RCC_GetSysClockFreq
                0x08000ac4       0x94 Drivers\STM32F0xx_HAL_Driver\Src\stm32f0xx_hal_rcc.o
                0x08000ac4                HAL_RCC_GetSysClockFreq
 .text.HAL_RCC_ClockConfig
                0x08000b58      0x1a4 Drivers\STM32F0xx_HAL_Driver\Src\stm32f0xx_hal_rcc.o
                0x08000b58                HAL_RCC_ClockConfig
 .text.HAL_RCC_GetHCLKFreq
                0x08000cfc        0xc Drivers\STM32F0xx_HAL_Driver\Src\stm32f0xx_hal_rcc.o
                0x08000cfc                HAL_RCC_GetHCLKFreq
 .text.HAL_RCC_GetPCLK1Freq
                0x08000d08       0x20 Drivers\STM32F0xx_HAL_Driver\Src\stm32f0xx_hal_rcc.o
                0x08000d08                HAL_RCC_GetPCLK1Freq
 .text.HAL_RCCEx_PeriphCLKConfig
                0x08000d28      0x168 Drivers\STM32F0xx_HAL_Driver\Src\stm32f0xx_hal_rcc_ex.o
                0x08000d28                HAL_RCCEx_PeriphCLKConfig
 .text.UART_EndRxTransfer
                0x08000e90       0x24 Drivers\STM32F0xx_HAL_Driver\Src\stm32f0xx_hal_uart.o
 .text.HAL_UART_ErrorCallback
                0x08000eb4        0x2 Drivers\STM32F0xx_HAL_Driver\Src\stm32f0xx_hal_uart.o
                0x08000eb4                HAL_UART_ErrorCallback
 .text.UART_DMAAbortOnError
                0x08000eb6       0x14 Drivers\STM32F0xx_HAL_Driver\Src\stm32f0xx_hal_uart.o
 *fill*         0x08000eca        0x2 
 .text.UART_SetConfig
                0x08000ecc      0x204 Drivers\STM32F0xx_HAL_Driver\Src\stm32f0xx_hal_uart.o
                0x08000ecc                UART_SetConfig
 .text.UART_AdvFeatureConfig
                0x080010d0       0xe0 Drivers\STM32F0xx_HAL_Driver\Src\stm32f0xx_hal_uart.o
                0x080010d0                UART_AdvFeatureConfig
 .text.UART_WaitOnFlagUntilTimeout
                0x080011b0       0x6c Drivers\STM32F0xx_HAL_Driver\Src\stm32f0xx_hal_uart.o
                0x080011b0                UART_WaitOnFlagUntilTimeout
 .text.HAL_UART_Transmit
                0x0800121c       0xe4 Drivers\STM32F0xx_HAL_Driver\Src\stm32f0xx_hal_uart.o
                0x0800121c                HAL_UART_Transmit
 .text.HAL_UART_Receive
                0x08001300      0x13c Drivers\STM32F0xx_HAL_Driver\Src\stm32f0xx_hal_uart.o
                0x08001300                HAL_UART_Receive
 .text.UART_CheckIdleState
                0x0800143c       0x88 Drivers\STM32F0xx_HAL_Driver\Src\stm32f0xx_hal_uart.o
                0x0800143c                UART_CheckIdleState
 .text.HAL_UART_Init
                0x080014c4       0x70 Drivers\STM32F0xx_HAL_Driver\Src\stm32f0xx_hal_uart.o
                0x080014c4                HAL_UART_Init
 .text.UART_Transmit_IT
                0x08001534       0x6e Drivers\STM32F0xx_HAL_Driver\Src\stm32f0xx_hal_uart.o
                0x08001534                UART_Transmit_IT
 .text.UART_EndTransmit_IT
                0x080015a2       0x1a Drivers\STM32F0xx_HAL_Driver\Src\stm32f0xx_hal_uart.o
                0x080015a2                UART_EndTransmit_IT
 .text.UART_Receive_IT
                0x080015bc       0x84 Drivers\STM32F0xx_HAL_Driver\Src\stm32f0xx_hal_uart.o
                0x080015bc                UART_Receive_IT
 .text.HAL_UART_IRQHandler
                0x08001640      0x148 Drivers\STM32F0xx_HAL_Driver\Src\stm32f0xx_hal_uart.o
                0x08001640                HAL_UART_IRQHandler
 .text.HAL_UARTEx_WakeupCallback
                0x08001788        0x2 Drivers\STM32F0xx_HAL_Driver\Src\stm32f0xx_hal_uart_ex.o
                0x08001788                HAL_UARTEx_WakeupCallback
 .text.SystemClock_Config
                0x0800178a       0x56 Src\main.o
                0x0800178a                SystemClock_Config
 .text.main     0x080017e0      0x2f8 Src\main.o
                0x080017e0                main
 .text.HAL_UART_RxCpltCallback
                0x08001ad8        0x2 Src\main.o
                0x08001ad8                HAL_UART_RxCpltCallback
 .text.HAL_UART_TxCpltCallback
                0x08001ada        0x2 Src\main.o
                0x08001ada                HAL_UART_TxCpltCallback
 .text.HAL_MspInit
                0x08001adc       0x30 Src\stm32f0xx_hal_msp.o
                0x08001adc                HAL_MspInit
 .text.HAL_UART_MspInit
                0x08001b0c       0xd4 Src\stm32f0xx_hal_msp.o
                0x08001b0c                HAL_UART_MspInit
 .text.NMI_Handler
                0x08001be0        0x2 Src\stm32f0xx_it.o
                0x08001be0                NMI_Handler
 .text.HardFault_Handler
                0x08001be2        0x2 Src\stm32f0xx_it.o
                0x08001be2                HardFault_Handler
 .text.SVC_Handler
                0x08001be4        0x2 Src\stm32f0xx_it.o
                0x08001be4                SVC_Handler
 .text.PendSV_Handler
                0x08001be6        0x2 Src\stm32f0xx_it.o
                0x08001be6                PendSV_Handler
 .text.SysTick_Handler
                0x08001be8        0x8 Src\stm32f0xx_it.o
                0x08001be8                SysTick_Handler
 .text.USART1_IRQHandler
                0x08001bf0      0x32c Src\stm32f0xx_it.o
                0x08001bf0                USART1_IRQHandler
 .text.USART3_4_IRQHandler
                0x08001f1c       0x10 Src\stm32f0xx_it.o
                0x08001f1c                USART3_4_IRQHandler
 .text.SystemInit
                0x08001f2c       0x60 Src\system_stm32f0xx.o
                0x08001f2c                SystemInit
 .text.Reset_Handler
                0x08001f8c       0x50 startup\startup_stm32f072xb.o
                0x08001f8c                Reset_Handler
 .text.Default_Handler
                0x08001fdc        0x2 startup\startup_stm32f072xb.o
                0x08001fdc                TIM1_CC_IRQHandler
                0x08001fdc                TSC_IRQHandler
                0x08001fdc                ADC1_COMP_IRQHandler
                0x08001fdc                I2C1_IRQHandler
                0x08001fdc                RCC_CRS_IRQHandler
                0x08001fdc                SPI1_IRQHandler
                0x08001fdc                TIM6_DAC_IRQHandler
                0x08001fdc                EXTI2_3_IRQHandler
                0x08001fdc                I2C2_IRQHandler
                0x08001fdc                TIM17_IRQHandler
                0x08001fdc                CEC_CAN_IRQHandler
                0x08001fdc                RTC_IRQHandler
                0x08001fdc                PVD_VDDIO2_IRQHandler
                0x08001fdc                DMA1_Channel4_5_6_7_IRQHandler
                0x08001fdc                TIM16_IRQHandler
                0x08001fdc                TIM3_IRQHandler
                0x08001fdc                EXTI4_15_IRQHandler
                0x08001fdc                DMA1_Channel1_IRQHandler
                0x08001fdc                Default_Handler
                0x08001fdc                TIM14_IRQHandler
                0x08001fdc                TIM7_IRQHandler
                0x08001fdc                TIM15_IRQHandler
                0x08001fdc                EXTI0_1_IRQHandler
                0x08001fdc                USB_IRQHandler
                0x08001fdc                SPI2_IRQHandler
                0x08001fdc                WWDG_IRQHandler
                0x08001fdc                TIM2_IRQHandler
                0x08001fdc                DMA1_Channel2_3_IRQHandler
                0x08001fdc                USART2_IRQHandler
                0x08001fdc                FLASH_IRQHandler
                0x08001fdc                TIM1_BRK_UP_TRG_COM_IRQHandler
 *fill*         0x08001fde        0x2 
 .text.__libc_init_array
                0x08001fe0       0x48 c:/program files (x86)/atollic/truestudio for stm32 9.0.1/armtools/bin/../lib/gcc/arm-atollic-eabi/6.3.1/../../../../arm-atollic-eabi/lib/armv6-m\libc_nano.a(lib_a-init.o)
                0x08001fe0                __libc_init_array
 .text.memset   0x08002028       0x10 c:/program files (x86)/atollic/truestudio for stm32 9.0.1/armtools/bin/../lib/gcc/arm-atollic-eabi/6.3.1/../../../../arm-atollic-eabi/lib/armv6-m\libc_nano.a(lib_a-memset.o)
                0x08002028                memset
 *(.glue_7)
 .glue_7        0x08002038        0x0 linker stubs
 *(.glue_7t)
 .glue_7t       0x08002038        0x0 linker stubs
 *(.eh_frame)
 .eh_frame      0x08002038        0x0 c:/program files (x86)/atollic/truestudio for stm32 9.0.1/armtools/bin/../lib/gcc/arm-atollic-eabi/6.3.1/armv6-m/crtbegin.o
 *(.init)
 .init          0x08002038        0x4 c:/program files (x86)/atollic/truestudio for stm32 9.0.1/armtools/bin/../lib/gcc/arm-atollic-eabi/6.3.1/armv6-m/crti.o
                0x08002038                _init
 .init          0x0800203c        0x8 c:/program files (x86)/atollic/truestudio for stm32 9.0.1/armtools/bin/../lib/gcc/arm-atollic-eabi/6.3.1/armv6-m/crtn.o
 *(.fini)
 .fini          0x08002044        0x4 c:/program files (x86)/atollic/truestudio for stm32 9.0.1/armtools/bin/../lib/gcc/arm-atollic-eabi/6.3.1/armv6-m/crti.o
                0x08002044                _fini
 .fini          0x08002048        0x8 c:/program files (x86)/atollic/truestudio for stm32 9.0.1/armtools/bin/../lib/gcc/arm-atollic-eabi/6.3.1/armv6-m/crtn.o
                0x08002050                . = ALIGN (0x4)
                0x08002050                _etext = .

.vfp11_veneer   0x08002050        0x0
 .vfp11_veneer  0x08002050        0x0 linker stubs

.v4_bx          0x08002050        0x0
 .v4_bx         0x08002050        0x0 linker stubs

.iplt           0x08002050        0x0
 .iplt          0x08002050        0x0 c:/program files (x86)/atollic/truestudio for stm32 9.0.1/armtools/bin/../lib/gcc/arm-atollic-eabi/6.3.1/armv6-m/crtbegin.o

.rodata         0x08002050       0x38
                0x08002050                . = ALIGN (0x4)
 *(.rodata)
 .rodata        0x08002050       0x20 Drivers\STM32F0xx_HAL_Driver\Src\stm32f0xx_hal_rcc.o
 *(.rodata*)
 .rodata.AHBPrescTable
                0x08002070       0x10 Src\system_stm32f0xx.o
                0x08002070                AHBPrescTable
 .rodata.APBPrescTable
                0x08002080        0x8 Src\system_stm32f0xx.o
                0x08002080                APBPrescTable
                0x08002088                . = ALIGN (0x4)

.rel.dyn        0x08002088        0x0
 .rel.iplt      0x08002088        0x0 c:/program files (x86)/atollic/truestudio for stm32 9.0.1/armtools/bin/../lib/gcc/arm-atollic-eabi/6.3.1/armv6-m/crtbegin.o

.ARM.extab
 *(.ARM.extab* .gnu.linkonce.armextab.*)

.ARM            0x08002088        0x0
                0x08002088                __exidx_start = .
 *(.ARM.exidx*)
                0x08002088                __exidx_end = .

.preinit_array  0x08002088        0x0
                0x08002088                PROVIDE (__preinit_array_start, .)
 *(.preinit_array*)
                0x08002088                PROVIDE (__preinit_array_end, .)

.init_array     0x08002088        0x4
                0x08002088                PROVIDE (__init_array_start, .)
 *(SORT(.init_array.*))
 *(.init_array*)
 .init_array    0x08002088        0x4 c:/program files (x86)/atollic/truestudio for stm32 9.0.1/armtools/bin/../lib/gcc/arm-atollic-eabi/6.3.1/armv6-m/crtbegin.o
                0x0800208c                PROVIDE (__init_array_end, .)

.fini_array     0x0800208c        0x4
                [!provide]                PROVIDE (__fini_array_start, .)
 *(SORT(.fini_array.*))
 *(.fini_array*)
 .fini_array    0x0800208c        0x4 c:/program files (x86)/atollic/truestudio for stm32 9.0.1/armtools/bin/../lib/gcc/arm-atollic-eabi/6.3.1/armv6-m/crtbegin.o
                [!provide]                PROVIDE (__fini_array_end, .)
                0x08002090                _sidata = LOADADDR (.data)

.data           0x20000000       0x74 load address 0x08002090
                0x20000000                . = ALIGN (0x4)
                0x20000000                _sdata = .
 *(.data)
 *(.data*)
 .data.atCommand
                0x20000000        0x5 Src\main.o
                0x20000000                atCommand
 *fill*         0x20000005        0x3 
 .data.getMsg   0x20000008        0x4 Src\main.o
                0x20000008                getMsg
 .data.message2Phone
                0x2000000c       0x39 Src\main.o
                0x2000000c                message2Phone
 *fill*         0x20000045        0x3 
 .data.simReception
                0x20000048        0x9 Src\main.o
                0x20000048                simReception
 *fill*         0x20000051        0x3 
 .data.simSetup1
                0x20000054        0xc Src\main.o
                0x20000054                simSetup1
 .data.simSetup2
                0x20000060       0x10 Src\main.o
                0x20000060                simSetup2
 .data.SystemCoreClock
                0x20000070        0x4 Src\system_stm32f0xx.o
                0x20000070                SystemCoreClock
                0x20000074                . = ALIGN (0x4)
                0x20000074                _edata = .

.igot.plt       0x20000074        0x0 load address 0x08002104
 .igot.plt      0x20000074        0x0 c:/program files (x86)/atollic/truestudio for stm32 9.0.1/armtools/bin/../lib/gcc/arm-atollic-eabi/6.3.1/armv6-m/crtbegin.o
                0x20000074                . = ALIGN (0x4)

.bss            0x20000074      0x1e4 load address 0x08002104
                0x20000074                _sbss = .
                0x20000074                __bss_start__ = _sbss
 *(.bss)
 .bss           0x20000074       0x1c c:/program files (x86)/atollic/truestudio for stm32 9.0.1/armtools/bin/../lib/gcc/arm-atollic-eabi/6.3.1/armv6-m/crtbegin.o
 *(.bss*)
 .bss.firstMsg  0x20000090        0x4 Src\main.o
                0x20000090                firstMsg
 .bss.outputState
                0x20000094        0x1 Src\main.o
                0x20000094                outputState
 *fill*         0x20000095        0x3 
 .bss.fullCounter
                0x20000098        0x4 Src\stm32f0xx_it.o
                0x20000098                fullCounter
 .bss.slashCounter
                0x2000009c        0x4 Src\stm32f0xx_it.o
                0x2000009c                slashCounter
 *(COMMON)
 COMMON         0x200000a0        0x4 Drivers\STM32F0xx_HAL_Driver\Src\stm32f0xx_hal.o
                0x200000a0                uwTick
 COMMON         0x200000a4       0xe0 Src\main.o
                0x200000a4                huart1
                0x20000114                huart4
 COMMON         0x20000184       0xd4 Src\stm32f0xx_it.o
                0x20000184                rxData
                0x2000024c                queue
                0x2000024d                readyReception
                0x20000250                rxByte
                0x20000251                OK
                0x20000252                setup2Flag
                0x20000253                rxCounter
                0x20000254                wakeUpFlag
                0x20000255                rxFlag
                0x20000256                readyGSM
                0x20000257                setup1Flag
                0x20000258                . = ALIGN (0x4)
                0x20000258                _ebss = .
                0x20000258                __bss_end__ = _ebss

._user_heap_stack
                0x20000258      0x600 load address 0x08002104
                0x20000258                . = ALIGN (0x4)
                [!provide]                PROVIDE (end, .)
                [!provide]                PROVIDE (_end, .)
                0x20000458                . = (. + _Min_Heap_Size)
 *fill*         0x20000258      0x200 
                0x20000858                . = (. + _Min_Stack_Size)
 *fill*         0x20000458      0x400 
                0x20000858                . = ALIGN (0x4)

/DISCARD/
 libc.a(*)
 libm.a(*)
 libgcc.a(*)

.ARM.attributes
                0x00000000       0x28
 *(.ARM.attributes)
 .ARM.attributes
                0x00000000       0x1e c:/program files (x86)/atollic/truestudio for stm32 9.0.1/armtools/bin/../lib/gcc/arm-atollic-eabi/6.3.1/armv6-m/crti.o
 .ARM.attributes
                0x0000001e       0x2c c:/program files (x86)/atollic/truestudio for stm32 9.0.1/armtools/bin/../lib/gcc/arm-atollic-eabi/6.3.1/armv6-m/crtbegin.o
 .ARM.attributes
                0x0000004a       0x31 Drivers\STM32F0xx_HAL_Driver\Src\stm32f0xx_hal.o
 .ARM.attributes
                0x0000007b       0x31 Drivers\STM32F0xx_HAL_Driver\Src\stm32f0xx_hal_cortex.o
 .ARM.attributes
                0x000000ac       0x31 Drivers\STM32F0xx_HAL_Driver\Src\stm32f0xx_hal_dma.o
 .ARM.attributes
                0x000000dd       0x31 Drivers\STM32F0xx_HAL_Driver\Src\stm32f0xx_hal_gpio.o
 .ARM.attributes
                0x0000010e       0x31 Drivers\STM32F0xx_HAL_Driver\Src\stm32f0xx_hal_rcc.o
 .ARM.attributes
                0x0000013f       0x31 Drivers\STM32F0xx_HAL_Driver\Src\stm32f0xx_hal_rcc_ex.o
 .ARM.attributes
                0x00000170       0x31 Drivers\STM32F0xx_HAL_Driver\Src\stm32f0xx_hal_uart.o
 .ARM.attributes
                0x000001a1       0x31 Drivers\STM32F0xx_HAL_Driver\Src\stm32f0xx_hal_uart_ex.o
 .ARM.attributes
                0x000001d2       0x31 Src\main.o
 .ARM.attributes
                0x00000203       0x31 Src\stm32f0xx_hal_msp.o
 .ARM.attributes
                0x00000234       0x31 Src\stm32f0xx_it.o
 .ARM.attributes
                0x00000265       0x31 Src\system_stm32f0xx.o
 .ARM.attributes
                0x00000296       0x21 startup\startup_stm32f072xb.o
 .ARM.attributes
                0x000002b7       0x2c c:/program files (x86)/atollic/truestudio for stm32 9.0.1/armtools/bin/../lib/gcc/arm-atollic-eabi/6.3.1/../../../../arm-atollic-eabi/lib/armv6-m\libc_nano.a(lib_a-init.o)
 .ARM.attributes
                0x000002e3       0x2c c:/program files (x86)/atollic/truestudio for stm32 9.0.1/armtools/bin/../lib/gcc/arm-atollic-eabi/6.3.1/../../../../arm-atollic-eabi/lib/armv6-m\libc_nano.a(lib_a-memset.o)
 .ARM.attributes
                0x0000030f       0x1c c:/program files (x86)/atollic/truestudio for stm32 9.0.1/armtools/bin/../lib/gcc/arm-atollic-eabi/6.3.1/../../../../arm-atollic-eabi/lib/armv6-m\libc_nano.a(lib_a-strlen.o)
 .ARM.attributes
                0x0000032b       0x1e c:/program files (x86)/atollic/truestudio for stm32 9.0.1/armtools/bin/../lib/gcc/arm-atollic-eabi/6.3.1/armv6-m\libgcc.a(_udivsi3.o)
 .ARM.attributes
                0x00000349       0x1e c:/program files (x86)/atollic/truestudio for stm32 9.0.1/armtools/bin/../lib/gcc/arm-atollic-eabi/6.3.1/armv6-m\libgcc.a(_dvmd_tls.o)
 .ARM.attributes
                0x00000367       0x1e c:/program files (x86)/atollic/truestudio for stm32 9.0.1/armtools/bin/../lib/gcc/arm-atollic-eabi/6.3.1/armv6-m/crtn.o
OUTPUT(kagas4.elf elf32-littlearm)

.debug_info     0x00000000     0xdef8
 .debug_info    0x00000000      0xe88 Drivers\STM32F0xx_HAL_Driver\Src\stm32f0xx_hal.o
 .debug_info    0x00000e88      0xfed Drivers\STM32F0xx_HAL_Driver\Src\stm32f0xx_hal_cortex.o
 .debug_info    0x00001e75     0x105b Drivers\STM32F0xx_HAL_Driver\Src\stm32f0xx_hal_dma.o
 .debug_info    0x00002ed0      0xe5d Drivers\STM32F0xx_HAL_Driver\Src\stm32f0xx_hal_gpio.o
 .debug_info    0x00003d2d     0x116f Drivers\STM32F0xx_HAL_Driver\Src\stm32f0xx_hal_rcc.o
 .debug_info    0x00004e9c      0xef3 Drivers\STM32F0xx_HAL_Driver\Src\stm32f0xx_hal_rcc_ex.o
 .debug_info    0x00005d8f     0x208e Drivers\STM32F0xx_HAL_Driver\Src\stm32f0xx_hal_uart.o
 .debug_info    0x00007e1d     0x11f0 Drivers\STM32F0xx_HAL_Driver\Src\stm32f0xx_hal_uart_ex.o
 .debug_info    0x0000900d     0x1a34 Src\main.o
 .debug_info    0x0000aa41     0x1335 Src\stm32f0xx_hal_msp.o
 .debug_info    0x0000bd76     0x1693 Src\stm32f0xx_it.o
 .debug_info    0x0000d409      0xa67 Src\system_stm32f0xx.o
 .debug_info    0x0000de70       0x88 startup\startup_stm32f072xb.o

.debug_abbrev   0x00000000     0x1f00
 .debug_abbrev  0x00000000      0x2b9 Drivers\STM32F0xx_HAL_Driver\Src\stm32f0xx_hal.o
 .debug_abbrev  0x000002b9      0x2fa Drivers\STM32F0xx_HAL_Driver\Src\stm32f0xx_hal_cortex.o
 .debug_abbrev  0x000005b3      0x29d Drivers\STM32F0xx_HAL_Driver\Src\stm32f0xx_hal_dma.o
 .debug_abbrev  0x00000850      0x26a Drivers\STM32F0xx_HAL_Driver\Src\stm32f0xx_hal_gpio.o
 .debug_abbrev  0x00000aba      0x2d0 Drivers\STM32F0xx_HAL_Driver\Src\stm32f0xx_hal_rcc.o
 .debug_abbrev  0x00000d8a      0x29c Drivers\STM32F0xx_HAL_Driver\Src\stm32f0xx_hal_rcc_ex.o
 .debug_abbrev  0x00001026      0x2c6 Drivers\STM32F0xx_HAL_Driver\Src\stm32f0xx_hal_uart.o
 .debug_abbrev  0x000012ec      0x2a3 Drivers\STM32F0xx_HAL_Driver\Src\stm32f0xx_hal_uart_ex.o
 .debug_abbrev  0x0000158f      0x2f2 Src\main.o
 .debug_abbrev  0x00001881      0x22d Src\stm32f0xx_hal_msp.o
 .debug_abbrev  0x00001aae      0x276 Src\stm32f0xx_it.o
 .debug_abbrev  0x00001d24      0x1ca Src\system_stm32f0xx.o
 .debug_abbrev  0x00001eee       0x12 startup\startup_stm32f072xb.o

.debug_loc      0x00000000     0x3897
 .debug_loc     0x00000000       0x7c Drivers\STM32F0xx_HAL_Driver\Src\stm32f0xx_hal.o
 .debug_loc     0x0000007c      0x38d Drivers\STM32F0xx_HAL_Driver\Src\stm32f0xx_hal_cortex.o
 .debug_loc     0x00000409      0x942 Drivers\STM32F0xx_HAL_Driver\Src\stm32f0xx_hal_dma.o
 .debug_loc     0x00000d4b      0x3f6 Drivers\STM32F0xx_HAL_Driver\Src\stm32f0xx_hal_gpio.o
 .debug_loc     0x00001141      0x50f Drivers\STM32F0xx_HAL_Driver\Src\stm32f0xx_hal_rcc.o
 .debug_loc     0x00001650      0x715 Drivers\STM32F0xx_HAL_Driver\Src\stm32f0xx_hal_rcc_ex.o
 .debug_loc     0x00001d65     0x1517 Drivers\STM32F0xx_HAL_Driver\Src\stm32f0xx_hal_uart.o
 .debug_loc     0x0000327c      0x468 Drivers\STM32F0xx_HAL_Driver\Src\stm32f0xx_hal_uart_ex.o
 .debug_loc     0x000036e4       0x8a Src\stm32f0xx_hal_msp.o
 .debug_loc     0x0000376e      0x129 Src\system_stm32f0xx.o

.debug_aranges  0x00000000      0x630
 .debug_aranges
                0x00000000       0xb8 Drivers\STM32F0xx_HAL_Driver\Src\stm32f0xx_hal.o
 .debug_aranges
                0x000000b8       0x78 Drivers\STM32F0xx_HAL_Driver\Src\stm32f0xx_hal_cortex.o
 .debug_aranges
                0x00000130       0x78 Drivers\STM32F0xx_HAL_Driver\Src\stm32f0xx_hal_dma.o
 .debug_aranges
                0x000001a8       0x58 Drivers\STM32F0xx_HAL_Driver\Src\stm32f0xx_hal_gpio.o
 .debug_aranges
                0x00000200       0x80 Drivers\STM32F0xx_HAL_Driver\Src\stm32f0xx_hal_rcc.o
 .debug_aranges
                0x00000280       0x78 Drivers\STM32F0xx_HAL_Driver\Src\stm32f0xx_hal_rcc_ex.o
 .debug_aranges
                0x000002f8      0x1d0 Drivers\STM32F0xx_HAL_Driver\Src\stm32f0xx_hal_uart.o
 .debug_aranges
                0x000004c8       0x58 Drivers\STM32F0xx_HAL_Driver\Src\stm32f0xx_hal_uart_ex.o
 .debug_aranges
                0x00000520       0x40 Src\main.o
 .debug_aranges
                0x00000560       0x30 Src\stm32f0xx_hal_msp.o
 .debug_aranges
                0x00000590       0x50 Src\stm32f0xx_it.o
 .debug_aranges
                0x000005e0       0x28 Src\system_stm32f0xx.o
 .debug_aranges
                0x00000608       0x28 startup\startup_stm32f072xb.o

.debug_ranges   0x00000000      0x5f8
 .debug_ranges  0x00000000       0xa8 Drivers\STM32F0xx_HAL_Driver\Src\stm32f0xx_hal.o
 .debug_ranges  0x000000a8       0x98 Drivers\STM32F0xx_HAL_Driver\Src\stm32f0xx_hal_cortex.o
 .debug_ranges  0x00000140       0x98 Drivers\STM32F0xx_HAL_Driver\Src\stm32f0xx_hal_dma.o
 .debug_ranges  0x000001d8       0x48 Drivers\STM32F0xx_HAL_Driver\Src\stm32f0xx_hal_gpio.o
 .debug_ranges  0x00000220       0x88 Drivers\STM32F0xx_HAL_Driver\Src\stm32f0xx_hal_rcc.o
 .debug_ranges  0x000002a8       0x80 Drivers\STM32F0xx_HAL_Driver\Src\stm32f0xx_hal_rcc_ex.o
 .debug_ranges  0x00000328      0x1c0 Drivers\STM32F0xx_HAL_Driver\Src\stm32f0xx_hal_uart.o
 .debug_ranges  0x000004e8       0x48 Drivers\STM32F0xx_HAL_Driver\Src\stm32f0xx_hal_uart_ex.o
 .debug_ranges  0x00000530       0x30 Src\main.o
 .debug_ranges  0x00000560       0x20 Src\stm32f0xx_hal_msp.o
 .debug_ranges  0x00000580       0x40 Src\stm32f0xx_it.o
 .debug_ranges  0x000005c0       0x18 Src\system_stm32f0xx.o
 .debug_ranges  0x000005d8       0x20 startup\startup_stm32f072xb.o

.debug_line     0x00000000     0x3a9f
 .debug_line    0x00000000      0x42c Drivers\STM32F0xx_HAL_Driver\Src\stm32f0xx_hal.o
 .debug_line    0x0000042c      0x3bf Drivers\STM32F0xx_HAL_Driver\Src\stm32f0xx_hal_cortex.o
 .debug_line    0x000007eb      0x4f7 Drivers\STM32F0xx_HAL_Driver\Src\stm32f0xx_hal_dma.o
 .debug_line    0x00000ce2      0x3e2 Drivers\STM32F0xx_HAL_Driver\Src\stm32f0xx_hal_gpio.o
 .debug_line    0x000010c4      0x584 Drivers\STM32F0xx_HAL_Driver\Src\stm32f0xx_hal_rcc.o
 .debug_line    0x00001648      0x546 Drivers\STM32F0xx_HAL_Driver\Src\stm32f0xx_hal_rcc_ex.o
 .debug_line    0x00001b8e      0xd20 Drivers\STM32F0xx_HAL_Driver\Src\stm32f0xx_hal_uart.o
 .debug_line    0x000028ae      0x420 Drivers\STM32F0xx_HAL_Driver\Src\stm32f0xx_hal_uart_ex.o
 .debug_line    0x00002cce      0x41a Src\main.o
 .debug_line    0x000030e8      0x30b Src\stm32f0xx_hal_msp.o
 .debug_line    0x000033f3      0x3d2 Src\stm32f0xx_it.o
 .debug_line    0x000037c5      0x257 Src\system_stm32f0xx.o
 .debug_line    0x00003a1c       0x83 startup\startup_stm32f072xb.o

.debug_str      0x00000000     0x248a
 .debug_str     0x00000000      0xa22 Drivers\STM32F0xx_HAL_Driver\Src\stm32f0xx_hal.o
                                0xaaf (size before relaxing)
 .debug_str     0x00000a22      0x1f8 Drivers\STM32F0xx_HAL_Driver\Src\stm32f0xx_hal_cortex.o
                                0xab7 (size before relaxing)
 .debug_str     0x00000c1a      0x3ef Drivers\STM32F0xx_HAL_Driver\Src\stm32f0xx_hal_dma.o
                                0xa89 (size before relaxing)
 .debug_str     0x00001009      0x1c7 Drivers\STM32F0xx_HAL_Driver\Src\stm32f0xx_hal_gpio.o
                                0x87a (size before relaxing)
 .debug_str     0x000011d0      0x2eb Drivers\STM32F0xx_HAL_Driver\Src\stm32f0xx_hal_rcc.o
                                0xa5e (size before relaxing)
 .debug_str     0x000014bb      0x36d Drivers\STM32F0xx_HAL_Driver\Src\stm32f0xx_hal_rcc_ex.o
                                0xa81 (size before relaxing)
 .debug_str     0x00001828      0x88e Drivers\STM32F0xx_HAL_Driver\Src\stm32f0xx_hal_uart.o
                               0x11e2 (size before relaxing)
 .debug_str     0x000020b6      0x177 Drivers\STM32F0xx_HAL_Driver\Src\stm32f0xx_hal_uart_ex.o
                                0xccd (size before relaxing)
 .debug_str     0x0000222d      0x152 Src\main.o
                                0xf53 (size before relaxing)
 .debug_str     0x0000237f       0x1b Src\stm32f0xx_hal_msp.o
                                0xdb6 (size before relaxing)
 .debug_str     0x0000239a       0xb5 Src\stm32f0xx_it.o
                                0xc51 (size before relaxing)
 .debug_str     0x0000244f       0x3b Src\system_stm32f0xx.o
                                0x6a0 (size before relaxing)

.comment        0x00000000       0x7c
 .comment       0x00000000       0x7c Drivers\STM32F0xx_HAL_Driver\Src\stm32f0xx_hal.o
                                 0x7d (size before relaxing)
 .comment       0x0000007c       0x7d Drivers\STM32F0xx_HAL_Driver\Src\stm32f0xx_hal_cortex.o
 .comment       0x0000007c       0x7d Drivers\STM32F0xx_HAL_Driver\Src\stm32f0xx_hal_dma.o
 .comment       0x0000007c       0x7d Drivers\STM32F0xx_HAL_Driver\Src\stm32f0xx_hal_gpio.o
 .comment       0x0000007c       0x7d Drivers\STM32F0xx_HAL_Driver\Src\stm32f0xx_hal_rcc.o
 .comment       0x0000007c       0x7d Drivers\STM32F0xx_HAL_Driver\Src\stm32f0xx_hal_rcc_ex.o
 .comment       0x0000007c       0x7d Drivers\STM32F0xx_HAL_Driver\Src\stm32f0xx_hal_uart.o
 .comment       0x0000007c       0x7d Drivers\STM32F0xx_HAL_Driver\Src\stm32f0xx_hal_uart_ex.o
 .comment       0x0000007c       0x7d Src\main.o
 .comment       0x0000007c       0x7d Src\stm32f0xx_hal_msp.o
 .comment       0x0000007c       0x7d Src\stm32f0xx_it.o
 .comment       0x0000007c       0x7d Src\system_stm32f0xx.o

.debug_frame    0x00000000      0xeb0
 .debug_frame   0x00000000      0x174 Drivers\STM32F0xx_HAL_Driver\Src\stm32f0xx_hal.o
 .debug_frame   0x00000174       0xe4 Drivers\STM32F0xx_HAL_Driver\Src\stm32f0xx_hal_cortex.o
 .debug_frame   0x00000258      0x134 Drivers\STM32F0xx_HAL_Driver\Src\stm32f0xx_hal_dma.o
 .debug_frame   0x0000038c       0xd4 Drivers\STM32F0xx_HAL_Driver\Src\stm32f0xx_hal_gpio.o
 .debug_frame   0x00000460      0x13c Drivers\STM32F0xx_HAL_Driver\Src\stm32f0xx_hal_rcc.o
 .debug_frame   0x0000059c      0x10c Drivers\STM32F0xx_HAL_Driver\Src\stm32f0xx_hal_rcc_ex.o
 .debug_frame   0x000006a8      0x500 Drivers\STM32F0xx_HAL_Driver\Src\stm32f0xx_hal_uart.o
 .debug_frame   0x00000ba8       0xe8 Drivers\STM32F0xx_HAL_Driver\Src\stm32f0xx_hal_uart_ex.o
 .debug_frame   0x00000c90       0x88 Src\main.o
 .debug_frame   0x00000d18       0x58 Src\stm32f0xx_hal_msp.o
 .debug_frame   0x00000d70       0x9c Src\stm32f0xx_it.o
 .debug_frame   0x00000e0c       0x38 Src\system_stm32f0xx.o
 .debug_frame   0x00000e44       0x2c c:/program files (x86)/atollic/truestudio for stm32 9.0.1/armtools/bin/../lib/gcc/arm-atollic-eabi/6.3.1/../../../../arm-atollic-eabi/lib/armv6-m\libc_nano.a(lib_a-init.o)
 .debug_frame   0x00000e70       0x20 c:/program files (x86)/atollic/truestudio for stm32 9.0.1/armtools/bin/../lib/gcc/arm-atollic-eabi/6.3.1/../../../../arm-atollic-eabi/lib/armv6-m\libc_nano.a(lib_a-memset.o)
 .debug_frame   0x00000e90       0x20 c:/program files (x86)/atollic/truestudio for stm32 9.0.1/armtools/bin/../lib/gcc/arm-atollic-eabi/6.3.1/armv6-m\libgcc.a(_udivsi3.o)
